Component: ARM Compiler 6.14 Tool: armlink [5db06800]

==============================================================================

Section Cross References

    main.o(.text) refers (Special) to _printf_charcount.o(.text) for _printf_charcount
    main.o(.text) refers (Special) to _printf_d.o(.ARM.Collect$$_printf_percent$$00000009) for _printf_d
    main.o(.text) refers (Special) to _printf_dec.o(.text) for _printf_int_dec
    main.o(.text) refers (Special) to _printf_hex_ptr.o(.text) for _printf_longlong_hex
    main.o(.text) refers (Special) to _printf_n.o(.ARM.Collect$$_printf_percent$$00000001) for _printf_n
    main.o(.text) refers (Special) to _printf_p.o(.ARM.Collect$$_printf_percent$$00000002) for _printf_p
    main.o(.text) refers (Special) to _printf_percent.o(.ARM.Collect$$_printf_percent$$00000000) for _printf_percent
    main.o(.text) refers (Special) to _printf_pad.o(.text) for _printf_pre_padding
    main.o(.text) refers (Special) to _printf_s.o(.ARM.Collect$$_printf_percent$$00000014) for _printf_s
    main.o(.text) refers (Special) to _printf_str.o(.text) for _printf_str
    main.o(.text.ADC_Init) refers (Special) to _printf_charcount.o(.text) for _printf_charcount
    main.o(.text.ADC_Init) refers (Special) to _printf_d.o(.ARM.Collect$$_printf_percent$$00000009) for _printf_d
    main.o(.text.ADC_Init) refers (Special) to _printf_dec.o(.text) for _printf_int_dec
    main.o(.text.ADC_Init) refers (Special) to _printf_hex_ptr.o(.text) for _printf_longlong_hex
    main.o(.text.ADC_Init) refers (Special) to _printf_n.o(.ARM.Collect$$_printf_percent$$00000001) for _printf_n
    main.o(.text.ADC_Init) refers (Special) to _printf_p.o(.ARM.Collect$$_printf_percent$$00000002) for _printf_p
    main.o(.text.ADC_Init) refers (Special) to _printf_percent.o(.ARM.Collect$$_printf_percent$$00000000) for _printf_percent
    main.o(.text.ADC_Init) refers (Special) to _printf_pad.o(.text) for _printf_pre_padding
    main.o(.text.ADC_Init) refers (Special) to _printf_s.o(.ARM.Collect$$_printf_percent$$00000014) for _printf_s
    main.o(.text.ADC_Init) refers (Special) to _printf_str.o(.text) for _printf_str
    main.o(.ARM.exidx.text.ADC_Init) refers (Special) to _printf_charcount.o(.text) for _printf_charcount
    main.o(.ARM.exidx.text.ADC_Init) refers (Special) to _printf_d.o(.ARM.Collect$$_printf_percent$$00000009) for _printf_d
    main.o(.ARM.exidx.text.ADC_Init) refers (Special) to _printf_dec.o(.text) for _printf_int_dec
    main.o(.ARM.exidx.text.ADC_Init) refers (Special) to _printf_hex_ptr.o(.text) for _printf_longlong_hex
    main.o(.ARM.exidx.text.ADC_Init) refers (Special) to _printf_n.o(.ARM.Collect$$_printf_percent$$00000001) for _printf_n
    main.o(.ARM.exidx.text.ADC_Init) refers (Special) to _printf_p.o(.ARM.Collect$$_printf_percent$$00000002) for _printf_p
    main.o(.ARM.exidx.text.ADC_Init) refers (Special) to _printf_percent.o(.ARM.Collect$$_printf_percent$$00000000) for _printf_percent
    main.o(.ARM.exidx.text.ADC_Init) refers (Special) to _printf_pad.o(.text) for _printf_pre_padding
    main.o(.ARM.exidx.text.ADC_Init) refers (Special) to _printf_s.o(.ARM.Collect$$_printf_percent$$00000014) for _printf_s
    main.o(.ARM.exidx.text.ADC_Init) refers (Special) to _printf_str.o(.text) for _printf_str
    main.o(.ARM.exidx.text.ADC_Init) refers to main.o(.text.ADC_Init) for [Anonymous Symbol]
    main.o(.text.GPIO_Init) refers (Special) to _printf_charcount.o(.text) for _printf_charcount
    main.o(.text.GPIO_Init) refers (Special) to _printf_d.o(.ARM.Collect$$_printf_percent$$00000009) for _printf_d
    main.o(.text.GPIO_Init) refers (Special) to _printf_dec.o(.text) for _printf_int_dec
    main.o(.text.GPIO_Init) refers (Special) to _printf_hex_ptr.o(.text) for _printf_longlong_hex
    main.o(.text.GPIO_Init) refers (Special) to _printf_n.o(.ARM.Collect$$_printf_percent$$00000001) for _printf_n
    main.o(.text.GPIO_Init) refers (Special) to _printf_p.o(.ARM.Collect$$_printf_percent$$00000002) for _printf_p
    main.o(.text.GPIO_Init) refers (Special) to _printf_percent.o(.ARM.Collect$$_printf_percent$$00000000) for _printf_percent
    main.o(.text.GPIO_Init) refers (Special) to _printf_pad.o(.text) for _printf_pre_padding
    main.o(.text.GPIO_Init) refers (Special) to _printf_s.o(.ARM.Collect$$_printf_percent$$00000014) for _printf_s
    main.o(.text.GPIO_Init) refers (Special) to _printf_str.o(.text) for _printf_str
    main.o(.ARM.exidx.text.GPIO_Init) refers (Special) to _printf_charcount.o(.text) for _printf_charcount
    main.o(.ARM.exidx.text.GPIO_Init) refers (Special) to _printf_d.o(.ARM.Collect$$_printf_percent$$00000009) for _printf_d
    main.o(.ARM.exidx.text.GPIO_Init) refers (Special) to _printf_dec.o(.text) for _printf_int_dec
    main.o(.ARM.exidx.text.GPIO_Init) refers (Special) to _printf_hex_ptr.o(.text) for _printf_longlong_hex
[...]
    Heap_Mem                                 0x10003b10   Data           0  startup_lpc17xx.o(HEAP)
    Stack_Mem                                0x10003b10   Data         512  startup_lpc17xx.o(STACK)
    HEAP                                     0x10003b10   Section        0  startup_lpc17xx.o(HEAP)
    STACK                                    0x10003b10   Section      512  startup_lpc17xx.o(STACK)
    __initial_sp                             0x10003d10   Data           0  startup_lpc17xx.o(STACK)

    Global Symbols

    Symbol Name                              Value     Ov Type        Size  Object(Section)

    BuildAttributes$$THM_ISAv4$P$D$K$B$S$PE$A:L22UL41UL21$X:L11$S22US41US21$IEEE1$IW$~IW$USESV6$~STKCKD$USESV7$~SHL$OTIME$ROPI$EBA8$UX$STANDARDLIB$REQ8$PRES8$EABIv2 0x00000000   Number         0  anon$$obj.o ABSOLUTE
    __Vectors                                0x00000000   Data           4  startup_lpc17xx.o(RESET)
    __fp_init_empty                          0x00000000   Number         0  fpinit_empty.o ABSOLUTE
    _printf_flags                            0x00000000   Number         0  printf_stubs.o ABSOLUTE
    _printf_return_value                     0x00000000   Number         0  printf_stubs.o ABSOLUTE
    _printf_sizespec                         0x00000000   Number         0  printf_stubs.o ABSOLUTE
    _printf_widthprec                        0x00000000   Number         0  printf_stubs.o ABSOLUTE
    __ARM_exceptions_init                     - Undefined Weak Reference
    __alloca_initialize                       - Undefined Weak Reference
    __arm_preinit_                            - Undefined Weak Reference
    __cpp_initialize__aeabi_                  - Undefined Weak Reference
    __cxa_finalize                            - Undefined Weak Reference
    __rt_locale                               - Undefined Weak Reference
    __sigvec_lookup                           - Undefined Weak Reference
    _atexit_init                              - Undefined Weak Reference
    _call_atexit_fns                          - Undefined Weak Reference
    _clock_init                               - Undefined Weak Reference
    _fp_trap_init                             - Undefined Weak Reference
    _fp_trap_shutdown                         - Undefined Weak Reference
    _get_lc_collate                           - Undefined Weak Reference
    _get_lc_ctype                             - Undefined Weak Reference
    _get_lc_monetary                          - Undefined Weak Reference
    _get_lc_numeric                           - Undefined Weak Reference
    _get_lc_time                              - Undefined Weak Reference
    _getenv_init                              - Undefined Weak Reference
    _handle_redirection                       - Undefined Weak Reference
    _init_alloc                               - Undefined Weak Reference
    _init_user_alloc                          - Undefined Weak Reference
    _initio                                   - Undefined Weak Reference
    _printf_mbtowc                            - Undefined Weak Reference
    _printf_truncate_signed                   - Undefined Weak Reference
    _printf_truncate_unsigned                 - Undefined Weak Reference
    _rand_init                                - Undefined Weak Reference
    _signal_finish                            - Undefined Weak Reference
    _signal_init                              - Undefined Weak Reference
    _terminate_alloc                          - Undefined Weak Reference
    _terminate_user_alloc                     - Undefined Weak Reference
    _terminateio                              - Undefined Weak Reference
    __main                                   0x000000cd   Thumb Code     8  __main.o(!!!main)
    __scatterload                            0x000000d5   Thumb Code     0  __scatter.o(!!!scatter)
    __scatterload_rt2                        0x000000d5   Thumb Code    44  __scatter.o(!!!scatter)
    __scatterload_rt2_thumb_only             0x000000d5   Thumb Code     0  __scatter.o(!!!scatter)
    __scatterload_null                       0x000000e3   Thumb Code     0  __scatter.o(!!!scatter)
    __scatterload_copy                       0x00000109   Thumb Code    26  __scatter_copy.o(!!handler_copy)
    __scatterload_zeroinit                   0x00000125   Thumb Code    28  __scatter_zi.o(!!handler_zi)
    _printf_n                                0x00000141   Thumb Code     0  _printf_n.o(.ARM.Collect$$_printf_percent$$00000001)
    _printf_percent                          0x00000141   Thumb Code     0  _printf_percent.o(.ARM.Collect$$_printf_percent$$00000000)
    _printf_p                                0x00000147   Thumb Code     0  _printf_p.o(.ARM.Collect$$_printf_percent$$00000002)
    _printf_d                                0x0000014d   Thumb Code     0  _printf_d.o(.ARM.Collect$$_printf_percent$$00000009)
    _printf_s                                0x00000153   Thumb Code     0  _printf_s.o(.ARM.Collect$$_printf_percent$$00000014)
    _printf_percent_end                      0x00000159   Thumb Code     0  _printf_percent_end.o(.ARM.Collect$$_printf_percent$$00000017)
    __rt_lib_init                            0x0000015d   Thumb Code     0  libinit.o(.ARM.Collect$$libinit$$00000000)
    __rt_lib_init_alloca_1                   0x0000015f   Thumb Code     0  libinit2.o(.ARM.Collect$$libinit$$0000002E)
    __rt_lib_init_argv_1                     0x0000015f   Thumb Code     0  libinit2.o(.ARM.Collect$$libinit$$0000002C)
    __rt_lib_init_atexit_1                   0x0000015f   Thumb Code     0  libinit2.o(.ARM.Collect$$libinit$$0000001B)
    __rt_lib_init_clock_1                    0x0000015f   Thumb Code     0  libinit2.o(.ARM.Collect$$libinit$$00000021)
    __rt_lib_init_cpp_1                      0x0000015f   Thumb Code     0  libinit2.o(.ARM.Collect$$libinit$$00000032)
    __rt_lib_init_exceptions_1               0x0000015f   Thumb Code     0  libinit2.o(.ARM.Collect$$libinit$$00000030)
    __rt_lib_init_fp_1                       0x0000015f   Thumb Code     0  libinit2.o(.ARM.Collect$$libinit$$00000002)
    __rt_lib_init_fp_trap_1                  0x0000015f   Thumb Code     0  libinit2.o(.ARM.Collect$$libinit$$0000001F)
    __rt_lib_init_getenv_1                   0x0000015f   Thumb Code     0  libinit2.o(.ARM.Collect$$libinit$$00000023)
    __rt_lib_init_heap_1                     0x0000015f   Thumb Code     0  libinit2.o(.ARM.Collect$$libinit$$0000000A)
    __rt_lib_init_lc_collate_1               0x0000015f   Thumb Code     0  libinit2.o(.ARM.Collect$$libinit$$00000011)
    __rt_lib_init_lc_ctype_1                 0x0000015f   Thumb Code     0  libinit2.o(.ARM.Collect$$libinit$$00000013)
    __rt_lib_init_lc_monetary_1              0x0000015f   Thumb Code     0  libinit2.o(.ARM.Collect$$libinit$$00000015)
    __rt_lib_init_lc_numeric_1               0x0000015f   Thumb Code     0  libinit2.o(.ARM.Collect$$libinit$$00000017)
    __rt_lib_init_lc_time_1                  0x0000015f   Thumb Code     0  libinit2.o(.ARM.Collect$$libinit$$00000019)
    __rt_lib_init_preinit_1                  0x0000015f   Thumb Code     0  libinit2.o(.ARM.Collect$$libinit$$00000004)
    __rt_lib_init_rand_1                     0x0000015f   Thumb Code     0  libinit2.o(.ARM.Collect$$libinit$$0000000E)
    __rt_lib_init_return                     0x0000015f   Thumb Code     0  libinit2.o(.ARM.Collect$$libinit$$00000033)
    __rt_lib_init_signal_1                   0x0000015f   Thumb Code     0  libinit2.o(.ARM.Collect$$libinit$$0000001D)
    __rt_lib_init_stdio_1                    0x0000015f   Thumb Code     0  libinit2.o(.ARM.Collect$$libinit$$00000025)
    __rt_lib_init_user_alloc_1               0x0000015f   Thumb Code     0  libinit2.o(.ARM.Collect$$libinit$$0000000C)
    __rt_lib_shutdown                        0x00000161   Thumb Code     0  libshutdown.o(.ARM.Collect$$libshutdown$$00000000)
    __rt_lib_shutdown_cpp_1                  0x00000163   Thumb Code     0  libshutdown2.o(.ARM.Collect$$libshutdown$$00000002)
    __rt_lib_shutdown_fp_trap_1              0x00000163   Thumb Code     0  libshutdown2.o(.ARM.Collect$$libshutdown$$00000007)
    __rt_lib_shutdown_heap_1                 0x00000163   Thumb Code     0  libshutdown2.o(.ARM.Collect$$libshutdown$$0000000F)
    __rt_lib_shutdown_return                 0x00000163   Thumb Code     0  libshutdown2.o(.ARM.Collect$$libshutdown$$00000010)
    __rt_lib_shutdown_signal_1               0x00000163   Thumb Code     0  libshutdown2.o(.ARM.Collect$$libshutdown$$0000000A)
    __rt_lib_shutdown_stdio_1                0x00000163   Thumb Code     0  libshutdown2.o(.ARM.Collect$$libshutdown$$00000004)
    __rt_lib_shutdown_user_alloc_1           0x00000163   Thumb Code     0  libshutdown2.o(.ARM.Collect$$libshutdown$$0000000C)
    __rt_entry                               0x00000165   Thumb Code     0  __rtentry.o(.ARM.Collect$$rtentry$$00000000)
    __rt_entry_presh_1                       0x00000165   Thumb Code     0  __rtentry2.o(.ARM.Collect$$rtentry$$00000002)
    __rt_entry_sh                            0x00000165   Thumb Code     0  __rtentry4.o(.ARM.Collect$$rtentry$$00000004)
    __rt_entry_li                            0x0000016b   Thumb Code     0  __rtentry2.o(.ARM.Collect$$rtentry$$0000000A)
    __rt_entry_postsh_1                      0x0000016b   Thumb Code     0  __rtentry2.o(.ARM.Collect$$rtentry$$00000009)
    __rt_entry_postli_1                      0x0000016f   Thumb Code     0  __rtentry2.o(.ARM.Collect$$rtentry$$0000000B)
    __rt_entry_main                          0x00000177   Thumb Code     0  __rtentry2.o(.ARM.Collect$$rtentry$$0000000D)
    __rt_exit                                0x0000017f   Thumb Code     0  rtexit.o(.ARM.Collect$$rtexit$$00000000)
    __rt_exit_ls                             0x00000181   Thumb Code     0  rtexit2.o(.ARM.Collect$$rtexit$$00000003)
    __rt_exit_prels_1                        0x00000181   Thumb Code     0  rtexit2.o(.ARM.Collect$$rtexit$$00000002)
    __rt_exit_exit                           0x00000185   Thumb Code     0  rtexit2.o(.ARM.Collect$$rtexit$$00000004)
    rt_set_PSP                               0x0000018d   Thumb Code     6  hal_cm3.o(.emb_text)
    rt_get_PSP                               0x00000193   Thumb Code     6  hal_cm3.o(.emb_text)
    os_set_env                               0x00000199   Thumb Code    24  hal_cm3.o(.emb_text)
    _alloc_box                               0x000001b5   Thumb Code    28  hal_cm3.o(.emb_text)
    _free_box                                0x000001d5   Thumb Code    28  hal_cm3.o(.emb_text)
    SVC_Handler                              0x000001f5   Thumb Code   108  hal_cm3.o(.emb_text)
    PendSV_Handler                           0x0000026d   Thumb Code    56  hal_cm3.o(.emb_text)
    SysTick_Handler                          0x000002a9   Thumb Code     8  hal_cm3.o(.emb_text)
    OS_Tick_Handler                          0x000002b1   Thumb Code    12  hal_cm3.o(.emb_text)
    Reset_Handler                            0x000002bd   Thumb Code     8  startup_lpc17xx.o(.text)
    NMI_Handler                              0x000002c5   Thumb Code     2  startup_lpc17xx.o(.text)
    HardFault_Handler                        0x000002c7   Thumb Code     2  startup_lpc17xx.o(.text)
    MemManage_Handler                        0x000002c9   Thumb Code     2  startup_lpc17xx.o(.text)
    BusFault_Handler                         0x000002cb   Thumb Code     2  startup_lpc17xx.o(.text)
    UsageFault_Handler                       0x000002cd   Thumb Code     2  startup_lpc17xx.o(.text)
    DebugMon_Handler                         0x000002d1   Thumb Code     2  startup_lpc17xx.o(.text)
    ADC_IRQHandler                           0x000002d7   Thumb Code     0  startup_lpc17xx.o(.text)
    BOD_IRQHandler                           0x000002d7   Thumb Code     0  startup_lpc17xx.o(.text)
    CANActivity_IRQHandler                   0x000002d7   Thumb Code     0  startup_lpc17xx.o(.text)
    CAN_IRQHandler                           0x000002d7   Thumb Code     0  startup_lpc17xx.o(.text)
    EINT0_IRQHandler                         0x000002d7   Thumb Code     0  startup_lpc17xx.o(.text)
    EINT1_IRQHandler                         0x000002d7   Thumb Code     0  startup_lpc17xx.o(.text)
    EINT2_IRQHandler                         0x000002d7   Thumb Code     0  startup_lpc17xx.o(.text)
    EINT3_IRQHandler                         0x000002d7   Thumb Code     0  startup_lpc17xx.o(.text)
    ENET_IRQHandler                          0x000002d7   Thumb Code     0  startup_lpc17xx.o(.text)
    I2C0_IRQHandler                          0x000002d7   Thumb Code     0  startup_lpc17xx.o(.text)
    I2C1_IRQHandler                          0x000002d7   Thumb Code     0  startup_lpc17xx.o(.text)
    I2C2_IRQHandler                          0x000002d7   Thumb Code     0  startup_lpc17xx.o(.text)
    I2S_IRQHandler                           0x000002d7   Thumb Code     0  startup_lpc17xx.o(.text)
    MCPWM_IRQHandler                         0x000002d7   Thumb Code     0  startup_lpc17xx.o(.text)
    PLL0_IRQHandler                          0x000002d7   Thumb Code     0  startup_lpc17xx.o(.text)
    PLL1_IRQHandler                          0x000002d7   Thumb Code     0  startup_lpc17xx.o(.text)
    PWM1_IRQHandler                          0x000002d7   Thumb Code     0  startup_lpc17xx.o(.text)
    QEI_IRQHandler                           0x000002d7   Thumb Code     0  startup_lpc17xx.o(.text)
    RIT_IRQHandler                           0x000002d7   Thumb Code     0  startup_lpc17xx.o(.text)
    RTC_IRQHandler                           0x000002d7   Thumb Code     0  startup_lpc17xx.o(.text)
    SSP0_IRQHandler                          0x000002d7   Thumb Code     0  startup_lpc17xx.o(.text)
    TIMER0_IRQHandler                        0x000002d7   Thumb Code     0  startup_lpc17xx.o(.text)
    TIMER1_IRQHandler                        0x000002d7   Thumb Code     0  startup_lpc17xx.o(.text)
    TIMER2_IRQHandler                        0x000002d7   Thumb Code     0  startup_lpc17xx.o(.text)
    TIMER3_IRQHandler                        0x000002d7   Thumb Code     0  startup_lpc17xx.o(.text)
    UART0_IRQHandler                         0x000002d7   Thumb Code     0  startup_lpc17xx.o(.text)
    UART1_IRQHandler                         0x000002d7   Thumb Code     0  startup_lpc17xx.o(.text)
    UART2_IRQHandler                         0x000002d7   Thumb Code     0  startup_lpc17xx.o(.text)
    UART3_IRQHandler                         0x000002d7   Thumb Code     0  startup_lpc17xx.o(.text)
    USBActivity_IRQHandler                   0x000002d7   Thumb Code     0  startup_lpc17xx.o(.text)
    USB_IRQHandler                           0x000002d7   Thumb Code     0  startup_lpc17xx.o(.text)
    WDT_IRQHandler                           0x000002d7   Thumb Code     0  startup_lpc17xx.o(.text)
    __user_initial_stackheap                 0x000002d9   Thumb Code     0  startup_lpc17xx.o(.text)
    __I$use$semihosting                      0x000002f9   Thumb Code     0  use_no_semi.o(.text)
    __use_no_semihosting_swi                 0x000002f9   Thumb Code     2  use_no_semi.o(.text)
    __semihosting_library_function           0x000002fb   Thumb Code     0  indicate_semi.o(.text)
    os_tick_irqack                           0x000002fb   Thumb Code     2  rt_system.o(i.os_tick_irqack)
    __user_libspace                          0x00000301   Thumb Code     8  libspace.o(.text)
    __user_perproc_libspace                  0x00000301   Thumb Code     0  libspace.o(.text)
    __aeabi_uldivmod                         0x00000309   Thumb Code     0  lludivv7m.o(.text)
    _ll_udiv                                 0x00000309   Thumb Code   240  lludivv7m.o(.text)
    __2sprintf                               0x000003f9   Thumb Code    34  noretval__2sprintf.o(.text)
    _printf_pre_padding                      0x00000421   Thumb Code    44  _printf_pad.o(.text)
    _printf_post_padding                     0x0000044d   Thumb Code    34  _printf_pad.o(.text)
    _printf_str                              0x0000046f   Thumb Code    82  _printf_str.o(.text)
    __RL_RTX_VER                             0x00000482   Number         0  rt_system.o ABSOLUTE
    _printf_int_dec                          0x000004c1   Thumb Code   104  _printf_dec.o(.text)
    _printf_charcount                        0x00000539   Thumb Code    40  _printf_charcount.o(.text)
    _printf_hex_ptr                          0x00000561   Thumb Code    78  _printf_hex_ptr.o(.text)
    _printf_longlong_hex                     0x00000561   Thumb Code     0  _printf_hex_ptr.o(.text)
    __printf                                 0x000005b5   Thumb Code   388  __printf_flags_ss_wp.o(.text)
    strstr                                   0x0000073d   Thumb Code    36  strstr.o(.text)
    strlen                                   0x00000761   Thumb Code    62  strlen.o(.text)
    __aeabi_memcpy                           0x0000079f   Thumb Code     0  rt_memcpy_v6.o(.text)
    __rt_memcpy                              0x0000079f   Thumb Code   138  rt_memcpy_v6.o(.text)
    _memcpy_lastbytes                        0x00000805   Thumb Code     0  rt_memcpy_v6.o(.text)
    __use_two_region_memory                  0x00000829   Thumb Code     2  heapauxi.o(.text)
    __rt_heap_escrow$2region                 0x0000082b   Thumb Code     2  heapauxi.o(.text)
    __rt_heap_expand$2region                 0x0000082d   Thumb Code     2  heapauxi.o(.text)
    _printf_int_common                       0x0000082f   Thumb Code   178  _printf_intcommon.o(.text)
    _printf_char_common                      0x000008eb   Thumb Code    32  _printf_char_common.o(.text)
    _sputc                                   0x00000911   Thumb Code    10  _sputc.o(.text)
    _printf_cs_common                        0x0000091b   Thumb Code    20  _printf_char.o(.text)
    _printf_char                             0x0000092f   Thumb Code    16  _printf_char.o(.text)
    _printf_string                           0x0000093f   Thumb Code     8  _printf_char.o(.text)
    __aeabi_memcpy4                          0x00000947   Thumb Code     0  rt_memcpy_w.o(.text)
    __aeabi_memcpy8                          0x00000947   Thumb Code     0  rt_memcpy_w.o(.text)
    __rt_memcpy_w                            0x00000947   Thumb Code   100  rt_memcpy_w.o(.text)
    _memcpy_lastbytes_aligned                0x0000098f   Thumb Code     0  rt_memcpy_w.o(.text)
    __user_setup_stackheap                   0x000009ab   Thumb Code    74  sys_stackheap_outer.o(.text)
    exit                                     0x000009f5   Thumb Code    18  exit.o(.text)
    _sys_exit                                0x00000a09   Thumb Code     8  sys_exit.o(.text)
    ADC_Init                                 0x00000a15   Thumb Code    52  main.o(.text.ADC_Init)
    DMA_IRQHandler                           0x00000a69   Thumb Code   250  gpdma_lpc17xx.o(.text.DMA_IRQHandler)
    GLCD_ClearScreen                         0x00000b65   Thumb Code    58  glcd_mcb1700.o(.text.GLCD_ClearScreen)
    GLCD_DrawChar                            0x00000ba1   Thumb Code   188  glcd_mcb1700.o(.text.GLCD_DrawChar)
    GLCD_DrawString                          0x00000c5d   Thumb Code    54  glcd_mcb1700.o(.text.GLCD_DrawString)
    GLCD_Initialize                          0x00000c95   Thumb Code  1408  glcd_mcb1700.o(.text.GLCD_Initialize)
    GLCD_SetBackgroundColor                  0x00001215   Thumb Code    16  glcd_mcb1700.o(.text.GLCD_SetBackgroundColor)
    GLCD_SetFont                             0x00001225   Thumb Code    16  glcd_mcb1700.o(.text.GLCD_SetFont)
    GLCD_SetForegroundColor                  0x00001235   Thumb Code    16  glcd_mcb1700.o(.text.GLCD_SetForegroundColor)
    GPIO_Init                                0x000012e5   Thumb Code    26  main.o(.text.GPIO_Init)
    GPIO_Joystick_Init                       0x00001301   Thumb Code    46  main.o(.text.GPIO_Joystick_Init)
    GPIO_PinRead                             0x00001331   Thumb Code    20  gpio_lpc17xx.o(.text.GPIO_PinRead)
    GPIO_PinWrite                            0x00001345   Thumb Code    28  gpio_lpc17xx.o(.text.GPIO_PinWrite)
    GPIO_PortClock                           0x00001361   Thumb Code    26  gpio_lpc17xx.o(.text.GPIO_PortClock)
    GPIO_SetDir                              0x0000137d   Thumb Code    34  gpio_lpc17xx.o(.text.GPIO_SetDir)
    HeaterControl_Thread                     0x000013d9   Thumb Code   110  main.o(.text.HeaterControl_Thread)
    HeaterMonitor_Thread                     0x00001449   Thumb Code    76  main.o(.text.HeaterMonitor_Thread)
    LightControl_Thread                      0x00001495   Thumb Code   106  main.o(.text.LightControl_Thread)
    LightMonitor_Thread                      0x00001501   Thumb Code    76  main.o(.text.LightMonitor_Thread)
    Menu_Display                             0x0000154d   Thumb Code   412  main.o(.text.Menu_Display)
    Menu_Thread                              0x000016e9   Thumb Code   158  main.o(.text.Menu_Thread)
    PIN_Configure                            0x00001789   Thumb Code   116  pin_lpc17xx.o(.text.PIN_Configure)
    Read_ADC                                 0x000017fd   Thumb Code    52  main.o(.text.Read_ADC)
    SPI_IRQHandler                           0x00001831   Thumb Code   260  spi_lpc17xx.o(.text.SPI_IRQHandler)
    SSP1_IRQHandler                          0x0000194d   Thumb Code     8  ssp_lpc17xx.o(.text.SSP1_IRQHandler)
    Sensor_Thread                            0x000020f1   Thumb Code    82  main.o(.text.Sensor_Thread)
    SprinklerControl_Thread                  0x00002145   Thumb Code   110  main.o(.text.SprinklerControl_Thread)
    SprinklerMonitor_Thread                  0x000021b5   Thumb Code    76  main.o(.text.SprinklerMonitor_Thread)
    SystemCoreClockUpdate                    0x00002201   Thumb Code   248  system_lpc17xx.o(.text.SystemCoreClockUpdate)
    SystemInit                               0x000022f9   Thumb Code   204  system_lpc17xx.o(.text.SystemInit)
    UART0_Init                               0x000023c5   Thumb Code    62  main.o(.text.UART0_Init)
    UART0_SendString                         0x00002405   Thumb Code    34  main.o(.text.UART0_SendString)
    UART_ReceiveThread                       0x00002429   Thumb Code   264  main.o(.text.UART_ReceiveThread)
    UART_Thread                              0x00002531   Thumb Code   124  main.o(.text.UART_Thread)
    _mutex_acquire                           0x000025e5   Thumb Code    34  rtx_conf_cm.o(.text._mutex_acquire)
    _mutex_release                           0x00002609   Thumb Code    30  rtx_conf_cm.o(.text._mutex_release)
    _platform_post_lib_init                  0x00002629   Thumb Code    26  rtx_conf_cm.o(.text._platform_post_lib_init)
    actuator_control                         0x00002645   Thumb Code   936  main.o(.text.actuator_control)
    adjustHeaterThreshold                    0x000029ed   Thumb Code   512  main.o(.text.adjustHeaterThreshold)
    adjustLightThreshold                     0x00002bed   Thumb Code   508  main.o(.text.adjustLightThreshold)
    adjustSprinklerThreshold                 0x00002de9   Thumb Code   512  main.o(.text.adjustSprinklerThreshold)
    main                                     0x0000301d   Thumb Code   282  main.o(.text.main)
    os_error                                 0x00003139   Thumb Code     2  rtx_conf_cm.o(.text.os_error)
    os_idle_demon                            0x0000313d   Thumb Code     2  rtx_conf_cm.o(.text.os_idle_demon)
    readJoystick                             0x00003239   Thumb Code    60  main.o(.text.readJoystick)
    show_sensors_on_glcd                     0x00003275   Thumb Code   532  main.o(.text.show_sensors_on_glcd)
    toggle_gpio                              0x00003529   Thumb Code    90  main.o(.text.toggle_gpio)
    SVC_Count                                0x0000368c   Data           4  svc_table.o(SVC_TABLE)
    SVC_Table                                0x00003690   Data           0  svc_table.o(SVC_TABLE)
    _init_box                                0x00003691   Thumb Code    70  rt_membox.o(i._init_box)
    _is_digit                                0x000036d7   Thumb Code    14  __printf_wp.o(i._is_digit)
    dbg_init                                 0x000036e5   Thumb Code    34  hal_cm.o(i.dbg_init)
    dbg_task_notify                          0x00003715   Thumb Code    32  hal_cm.o(i.dbg_task_notify)
    dbg_task_switch                          0x00003735   Thumb Code    16  hal_cm.o(i.dbg_task_switch)
    isrMessageGet                            0x00003745   Thumb Code    42  rt_cmsis.o(i.isrMessageGet)
    isrMessagePut                            0x0000376f   Thumb Code    44  rt_cmsis.o(i.isrMessagePut)
    isrSemaphoreRelease                      0x0000379b   Thumb Code    40  rt_cmsis.o(i.isrSemaphoreRelease)
    isr_mbx_receive                          0x000037c5   Thumb Code    86  rt_mailbox.o(i.isr_mbx_receive)
    isr_mbx_send                             0x0000381b   Thumb Code    14  rt_mailbox.o(i.isr_mbx_send)
    isr_sem_send                             0x00003829   Thumb Code    16  rt_semaphore.o(i.isr_sem_send)
    osDelay                                  0x00003839   Thumb Code    18  rt_cmsis.o(i.osDelay)
    osKernelInitialize                       0x00003851   Thumb Code    30  rt_cmsis.o(i.osKernelInitialize)
    osKernelStart                            0x00003875   Thumb Code    98  rt_cmsis.o(i.osKernelStart)
    osKernelSysTick                          0x000038e1   Thumb Code    18  rt_cmsis.o(i.osKernelSysTick)
    osMessageGet                             0x000038f9   Thumb Code    18  rt_cmsis.o(i.osMessageGet)
    osMutexCreate                            0x00003911   Thumb Code    36  rt_cmsis.o(i.osMutexCreate)
    osMutexRelease                           0x0000393d   Thumb Code    18  rt_cmsis.o(i.osMutexRelease)
    osMutexWait                              0x00003955   Thumb Code    18  rt_cmsis.o(i.osMutexWait)
    osSemaphoreCreate                        0x0000396d   Thumb Code    36  rt_cmsis.o(i.osSemaphoreCreate)
    osSemaphoreRelease                       0x00003999   Thumb Code    18  rt_cmsis.o(i.osSemaphoreRelease)
    osSemaphoreWait                          0x000039b1   Thumb Code    20  rt_cmsis.o(i.osSemaphoreWait)
    osThreadCreate                           0x000039c9   Thumb Code    36  rt_cmsis.o(i.osThreadCreate)
    osThreadExit                             0x000039f5   Thumb Code    14  rt_cmsis.o(i.osThreadExit)
    osTimerCall                              0x00003a0d   Thumb Code     8  rt_cmsis.o(i.osTimerCall)
    osTimerThread                            0x00003a19   Thumb Code    38  rt_cmsis.o(i.osTimerThread)
    os_tick_init                             0x00003a45   Thumb Code    32  rt_system.o(i.os_tick_init)
    os_tick_ovf                              0x00003a6d   Thumb Code    10  rt_system.o(i.os_tick_ovf)
    os_tick_val                              0x00003a7d   Thumb Code    14  rt_system.o(i.os_tick_val)
    rt_alloc_box                             0x00003a91   Thumb Code    26  rt_membox.o(i.rt_alloc_box)
    rt_alloc_mem                             0x00003aab   Thumb Code    62  rt_memory.o(i.rt_alloc_mem)
    rt_block                                 0x00003ae9   Thumb Code    48  rt_task.o(i.rt_block)
    rt_chk_robin                             0x00003b21   Thumb Code    60  rt_robin.o(i.rt_chk_robin)
    rt_dec_dly                               0x00003b69   Thumb Code   102  rt_list.o(i.rt_dec_dly)
    rt_dispatch                              0x00003bd9   Thumb Code    60  rt_task.o(i.rt_dispatch)
    rt_dly_wait                              0x00003c1d   Thumb Code     6  rt_time.o(i.rt_dly_wait)
    rt_evt_psh                               0x00003c25   Thumb Code    76  rt_event.o(i.rt_evt_psh)
    rt_free_box                              0x00003c75   Thumb Code    44  rt_membox.o(i.rt_free_box)
    rt_free_mem                              0x00003ca1   Thumb Code    40  rt_memory.o(i.rt_free_mem)
    rt_get_first                             0x00003cc9   Thumb Code    40  rt_list.o(i.rt_get_first)
    rt_init_mem                              0x00003d41   Thumb Code    26  rt_memory.o(i.rt_init_mem)
    rt_init_robin                            0x00003d5d   Thumb Code    14  rt_robin.o(i.rt_init_robin)
    rt_init_stack                            0x00003d75   Thumb Code   118  hal_cm.o(i.rt_init_stack)
    rt_mbx_check                             0x00003df5   Thumb Code     8  rt_mailbox.o(i.rt_mbx_check)
    rt_mbx_init                              0x00003dfd   Thumb Code    26  rt_mailbox.o(i.rt_mbx_init)
    rt_mbx_psh                               0x00003e19   Thumb Code   236  rt_mailbox.o(i.rt_mbx_psh)
    rt_mbx_wait                              0x00003f09   Thumb Code   174  rt_mailbox.o(i.rt_mbx_wait)
    rt_mut_init                              0x00004001   Thumb Code    16  rt_mutex.o(i.rt_mut_init)
    rt_mut_release                           0x00004011   Thumb Code   208  rt_mutex.o(i.rt_mut_release)
    rt_mut_wait                              0x000040e9   Thumb Code   114  rt_mutex.o(i.rt_mut_wait)
    rt_pop_req                               0x00004161   Thumb Code   112  rt_system.o(i.rt_pop_req)
    rt_psh_req                               0x000041dd   Thumb Code    22  rt_system.o(i.rt_psh_req)
    rt_psq_enq                               0x000041fd   Thumb Code    88  rt_list.o(i.rt_psq_enq)
    rt_put_dly                               0x00004259   Thumb Code    68  rt_list.o(i.rt_put_dly)
    rt_put_prio                              0x000042a1   Thumb Code    54  rt_list.o(i.rt_put_prio)
    rt_put_rdy_first                         0x000042d9   Thumb Code    14  rt_list.o(i.rt_put_rdy_first)
    rt_resort_prio                           0x000042ed   Thumb Code    46  rt_list.o(i.rt_resort_prio)
    rt_ret_val                               0x00004321   Thumb Code     6  hal_cm.o(i.rt_ret_val)
    rt_ret_val2                              0x00004327   Thumb Code     8  hal_cm.o(i.rt_ret_val2)
    rt_rmv_dly                               0x0000432f   Thumb Code    40  rt_list.o(i.rt_rmv_dly)
    rt_rmv_list                              0x00004359   Thumb Code    44  rt_list.o(i.rt_rmv_list)
    rt_sem_init                              0x00004389   Thumb Code    12  rt_semaphore.o(i.rt_sem_init)
    rt_sem_psh                               0x00004395   Thumb Code    48  rt_semaphore.o(i.rt_sem_psh)
    rt_sem_send                              0x000043c9   Thumb Code    42  rt_semaphore.o(i.rt_sem_send)
    rt_sem_wait                              0x000043f5   Thumb Code    58  rt_semaphore.o(i.rt_sem_wait)
    rt_stk_check                             0x00004435   Thumb Code    28  rt_system.o(i.rt_stk_check)
    rt_switch_req                            0x00004459   Thumb Code    30  rt_task.o(i.rt_switch_req)
    rt_sys_init                              0x00004481   Thumb Code   138  rt_task.o(i.rt_sys_init)
    rt_sys_start                             0x0000454d   Thumb Code   110  rt_task.o(i.rt_sys_start)
    rt_systick                               0x000045c5   Thumb Code    50  rt_system.o(i.rt_systick)
    rt_tsk_create                            0x0000464d   Thumb Code   118  rt_task.o(i.rt_tsk_create)
    rt_tsk_delete                            0x000046d5   Thumb Code   352  rt_task.o(i.rt_tsk_delete)
    rt_tsk_prio                              0x00004851   Thumb Code   108  rt_task.o(i.rt_tsk_prio)
    rt_tsk_self                              0x000048cd   Thumb Code    12  rt_task.o(i.rt_tsk_self)
    svcDelay                                 0x000048dd   Thumb Code    18  rt_cmsis.o(i.svcDelay)
    svcKernelInitialize                      0x000048f1   Thumb Code    80  rt_cmsis.o(i.svcKernelInitialize)
    svcKernelStart                           0x00004961   Thumb Code    62  rt_cmsis.o(i.svcKernelStart)
    svcKernelSysTick                         0x000049a9   Thumb Code    46  rt_cmsis.o(i.svcKernelSysTick)
    svcMessageCreate                         0x000049e1   Thumb Code    36  rt_cmsis.o(i.svcMessageCreate)
    svcMessageGet                            0x00004a05   Thumb Code    58  rt_cmsis.o(i.svcMessageGet)
    svcMutexCreate                           0x00004a3f   Thumb Code    28  rt_cmsis.o(i.svcMutexCreate)
    svcMutexRelease                          0x00004a5b   Thumb Code    34  rt_cmsis.o(i.svcMutexRelease)
    svcMutexWait                             0x00004a7d   Thumb Code    58  rt_cmsis.o(i.svcMutexWait)
    svcSemaphoreCreate                       0x00004ab7   Thumb Code    36  rt_cmsis.o(i.svcSemaphoreCreate)
    svcSemaphoreRelease                      0x00004adb   Thumb Code    40  rt_cmsis.o(i.svcSemaphoreRelease)
    svcSemaphoreWait                         0x00004b03   Thumb Code    50  rt_cmsis.o(i.svcSemaphoreWait)
    svcThreadCreate                          0x00004b35   Thumb Code    96  rt_cmsis.o(i.svcThreadCreate)
    svcThreadGetId                           0x00004ba1   Thumb Code    22  rt_cmsis.o(i.svcThreadGetId)
    svcThreadTerminate                       0x00004bbd   Thumb Code    50  rt_cmsis.o(i.svcThreadTerminate)
    svcTimerCall                             0x00004bf5   Thumb Code    24  rt_cmsis.o(i.svcTimerCall)
    sysTimerTick                             0x00004c0d   Thumb Code    84  rt_cmsis.o(i.sysTimerTick)
    CMSIS_RTOS_API_Version                   0x00004cc8   Data           4  rtx_conf_cm.o(.rodata.CMSIS_RTOS_API_Version)
    CMSIS_RTOS_RTX_Version                   0x00004ccc   Data           4  rtx_conf_cm.o(.rodata.CMSIS_RTOS_RTX_Version)
    Driver_SPI1                              0x00004cd0   Data          44  ssp_lpc17xx.o(.rodata.Driver_SPI1)
    GLCD_Font_16x24                          0x000061fc   Data          16  glcd_fonts.o(.rodata.GLCD_Font_16x24)
    mp_stk_size                              0x0000620c   Data           4  rtx_conf_cm.o(.rodata.mp_stk_size)
    mp_tcb_size                              0x00006210   Data           2  rtx_conf_cm.o(.rodata.mp_tcb_size)
    mp_tmr_size                              0x00006212   Data           2  rtx_conf_cm.o(.rodata.mp_tmr_size)
    os_clockrate                             0x00006214   Data           4  rtx_conf_cm.o(.rodata.os_clockrate)
    os_fifo_size                             0x00006218   Data           1  rtx_conf_cm.o(.rodata.os_fifo_size)
    os_flags                                 0x00006219   Data           1  rtx_conf_cm.o(.rodata.os_flags)
    os_maxtaskrun                            0x0000621a   Data           2  rtx_conf_cm.o(.rodata.os_maxtaskrun)
    os_messageQ_def_osTimerMessageQ          0x0000621c   Data           8  rtx_conf_cm.o(.rodata.os_messageQ_def_osTimerMessageQ)
    os_mutex_def_adc_mutex                   0x00006224   Data           4  main.o(.rodata.os_mutex_def_adc_mutex)
    os_mutex_def_glcd_mutex                  0x00006228   Data           4  main.o(.rodata.os_mutex_def_glcd_mutex)
    os_rrobin                                0x0000622c   Data           4  rtx_conf_cm.o(.rodata.os_rrobin)
    os_semaphore_def_heater_sem              0x00006230   Data           4  main.o(.rodata.os_semaphore_def_heater_sem)
    os_semaphore_def_light_sem               0x00006234   Data           4  main.o(.rodata.os_semaphore_def_light_sem)
    os_semaphore_def_sprinkler_sem           0x00006238   Data           4  main.o(.rodata.os_semaphore_def_sprinkler_sem)
    os_stack_sz                              0x0000623c   Data           4  rtx_conf_cm.o(.rodata.os_stack_sz)
    os_stackinfo                             0x00006240   Data           4  rtx_conf_cm.o(.rodata.os_stackinfo)
    os_thread_def_HeaterControl_Thread       0x00006244   Data          16  main.o(.rodata.os_thread_def_HeaterControl_Thread)
    os_thread_def_HeaterMonitor_Thread       0x00006254   Data          16  main.o(.rodata.os_thread_def_HeaterMonitor_Thread)
    os_thread_def_LightControl_Thread        0x00006264   Data          16  main.o(.rodata.os_thread_def_LightControl_Thread)
    os_thread_def_LightMonitor_Thread        0x00006274   Data          16  main.o(.rodata.os_thread_def_LightMonitor_Thread)
    os_thread_def_Menu_Thread                0x00006284   Data          16  main.o(.rodata.os_thread_def_Menu_Thread)
    os_thread_def_Sensor_Thread              0x00006294   Data          16  main.o(.rodata.os_thread_def_Sensor_Thread)
    os_thread_def_SprinklerControl_Thread    0x000062a4   Data          16  main.o(.rodata.os_thread_def_SprinklerControl_Thread)
    os_thread_def_SprinklerMonitor_Thread    0x000062b4   Data          16  main.o(.rodata.os_thread_def_SprinklerMonitor_Thread)
    os_thread_def_UART_ReceiveThread         0x000062c4   Data          16  main.o(.rodata.os_thread_def_UART_ReceiveThread)
    os_thread_def_UART_Thread                0x000062d4   Data          16  main.o(.rodata.os_thread_def_UART_Thread)
    os_thread_def_main                       0x000062e4   Data          16  rtx_conf_cm.o(.rodata.os_thread_def_main)
    os_thread_def_osTimerThread              0x000062f4   Data          16  rtx_conf_cm.o(.rodata.os_thread_def_osTimerThread)
    os_timernum                              0x00006304   Data           4  rtx_conf_cm.o(.rodata.os_timernum)
    os_trv                                   0x00006308   Data           4  rtx_conf_cm.o(.rodata.os_trv)
    Region$$Table$$Base                      0x0000642c   Number         0  anon$$obj.o(Region$$Table)
    Region$$Table$$Limit                     0x0000644c   Number         0  anon$$obj.o(Region$$Table)
    __ARM_use_no_argv                        0x10000000   Data           4  main.o(.ARM.use_no_argv)
    os_initialized                           0x10000004   Data           1  rt_cmsis.o(.data)
    os_running                               0x10000005   Data           1  rt_cmsis.o(.data)
    os_timer_head                            0x10000008   Data           4  rt_cmsis.o(.data)
    os_tsk                                   0x1000000c   Data           8  rt_task.o(.data)
    os_tick_irqn                             0x10000018   Data           4  rt_system.o(.data)
    os_time                                  0x1000001c   Data           4  rt_time.o(.data)
    os_robin                                 0x10000020   Data           8  rt_robin.o(.data)
    dbg_msg                                  0x10000028   Data           1  hal_cm.o(.data)
    Heater_ON_Duration                       0x1000002c   Data           4  main.o(.data.Heater_ON_Duration)
    SystemCoreClock                          0x10000030   Data           4  system_lpc17xx.o(.data.SystemCoreClock)
    light_ON_Duration                        0x10000038   Data           4  main.o(.data.light_ON_Duration)
    sprinkler_ON_Duration                    0x1000003c   Data           4  main.o(.data.sprinkler_ON_Duration)
    threadHoldlight_adc                      0x10000040   Data           4  main.o(.data.threadHoldlight_adc)
    threadHoldmoist_adc                      0x10000044   Data           4  main.o(.data.threadHoldmoist_adc)
    threadHoldtemp_adc                       0x10000048   Data           4  main.o(.data.threadHoldtemp_adc)
    os_idle_TCB                              0x10000050   Data          52  rt_task.o(.bss)
    os_rdy                                   0x10000084   Data          24  rt_list.o(.bss)
    os_dly                                   0x1000009c   Data          24  rt_list.o(.bss)
    __libspace_start                         0x100000b4   Data          96  libspace.o(.bss)
    __temporary_stack_top$libspace           0x10000114   Data           0  libspace.o(.bss)
    adc_mutex                                0x1000021c   Data           4  main.o(.bss.adc_mutex)
    glcd_mutex                               0x10000224   Data           4  main.o(.bss.glcd_mutex)
    heater_sem                               0x10000228   Data           4  main.o(.bss.heater_sem)
    light_adc                                0x1000022c   Data           4  main.o(.bss.light_adc)
    light_sem                                0x10000230   Data           4  main.o(.bss.light_sem)
    m_tmr                                    0x10000234   Data           4  rtx_conf_cm.o(.bss.m_tmr)
    moist_adc                                0x10000238   Data           4  main.o(.bss.moist_adc)
    mp_stk                                   0x10000240   Data       12304  rtx_conf_cm.o(.bss.mp_stk)
    mp_tcb                                   0x10003250   Data         688  rtx_conf_cm.o(.bss.mp_tcb)
    osMessageQId_osTimerMessageQ             0x10003500   Data           4  rtx_conf_cm.o(.bss.osMessageQId_osTimerMessageQ)
    osThreadId_osTimerThread                 0x10003504   Data           4  rtx_conf_cm.o(.bss.osThreadId_osTimerThread)
    os_active_TCB                            0x10003508   Data          52  rtx_conf_cm.o(.bss.os_active_TCB)
    os_fifo                                  0x1000353c   Data         132  rtx_conf_cm.o(.bss.os_fifo)
    os_messageQ_q_osTimerMessageQ            0x100035c0   Data          32  rtx_conf_cm.o(.bss.os_messageQ_q_osTimerMessageQ)
    os_mutex_cb_adc_mutex                    0x100035e0   Data          16  main.o(.bss.os_mutex_cb_adc_mutex)
    os_mutex_cb_glcd_mutex                   0x100035f0   Data          16  main.o(.bss.os_mutex_cb_glcd_mutex)
    os_semaphore_cb_heater_sem               0x10003600   Data           8  main.o(.bss.os_semaphore_cb_heater_sem)
    os_semaphore_cb_light_sem                0x10003608   Data           8  main.o(.bss.os_semaphore_cb_light_sem)
    os_semaphore_cb_sprinkler_sem            0x10003610   Data           8  main.o(.bss.os_semaphore_cb_sprinkler_sem)
    os_stack_mem                             0x10003618   Data        1256  rtx_conf_cm.o(.bss.os_stack_mem)
    selected_menu                            0x10003b00   Data           4  main.o(.bss.selected_menu)
    sprinkler_sem                            0x10003b04   Data           4  main.o(.bss.sprinkler_sem)
    temp_adc                                 0x10003b08   Data           4  main.o(.bss.temp_adc)



==============================================================================

Memory Map of the image

  Image Entry point : 0x000002bd

  Load Region LR_1 (Base: 0x00000000, Size: 0x00006498, Max: 0xffffffff, ABSOLUTE)

    Execution Region ER_RO (Exec base: 0x00000000, Load base: 0x00000000, Size: 0x0000644c, Max: 0xffffffff, ABSOLUTE)

    Exec Addr    Load Addr    Size         Type   Attr      Idx    E Section Name        Object

    0x00000000   0x00000000   0x000000cc   Data   RO          480    RESET               startup_lpc17xx.o
    0x000000cc   0x000000cc   0x00000008   Code   RO         1789  * !!!main             c_w.l(__main.o)
    0x000000d4   0x000000d4   0x00000034   Code   RO         1971    !!!scatter          c_w.l(__scatter.o)
    0x00000108   0x00000108   0x0000001a   Code   RO         1973    !!handler_copy      c_w.l(__scatter_copy.o)
    0x00000122   0x00000122   0x00000002   PAD
    0x00000124   0x00000124   0x0000001c   Code   RO         1975    !!handler_zi        c_w.l(__scatter_zi.o)
    0x00000140   0x00000140   0x00000000   Code   RO         1780    .ARM.Collect$$_printf_percent$$00000000  c_w.l(_printf_percent.o)
    0x00000140   0x00000140   0x00000006   Code   RO         1777    .ARM.Collect$$_printf_percent$$00000001  c_w.l(_printf_n.o)
    0x00000146   0x00000146   0x00000006   Code   RO         1778    .ARM.Collect$$_printf_percent$$00000002  c_w.l(_printf_p.o)
    0x0000014c   0x0000014c   0x00000006   Code   RO         1779    .ARM.Collect$$_printf_percent$$00000009  c_w.l(_printf_d.o)
    0x00000152   0x00000152   0x00000006   Code   RO         1776    .ARM.Collect$$_printf_percent$$00000014  c_w.l(_printf_s.o)
    0x00000158   0x00000158   0x00000004   Code   RO         1804    .ARM.Collect$$_printf_percent$$00000017  c_w.l(_printf_percent_end.o)
    0x0000015c   0x0000015c   0x00000002   Code   RO         1838    .ARM.Collect$$libinit$$00000000  c_w.l(libinit.o)
    0x0000015e   0x0000015e   0x00000000   Code   RO         1848    .ARM.Collect$$libinit$$00000002  c_w.l(libinit2.o)
    0x0000015e   0x0000015e   0x00000000   Code   RO         1850    .ARM.Collect$$libinit$$00000004  c_w.l(libinit2.o)
    0x0000015e   0x0000015e   0x00000000   Code   RO         1853    .ARM.Collect$$libinit$$0000000A  c_w.l(libinit2.o)
    0x0000015e   0x0000015e   0x00000000   Code   RO         1855    .ARM.Collect$$libinit$$0000000C  c_w.l(libinit2.o)
    0x0000015e   0x0000015e   0x00000000   Code   RO         1857    .ARM.Collect$$libinit$$0000000E  c_w.l(libinit2.o)
    0x0000015e   0x0000015e   0x00000000   Code   RO         1860    .ARM.Collect$$libinit$$00000011  c_w.l(libinit2.o)
    0x0000015e   0x0000015e   0x00000000   Code   RO         1862    .ARM.Collect$$libinit$$00000013  c_w.l(libinit2.o)
    0x0000015e   0x0000015e   0x00000000   Code   RO         1864    .ARM.Collect$$libinit$$00000015  c_w.l(libinit2.o)
    0x0000015e   0x0000015e   0x00000000   Code   RO         1866    .ARM.Collect$$libinit$$00000017  c_w.l(libinit2.o)
    0x0000015e   0x0000015e   0x00000000   Code   RO         1868    .ARM.Collect$$libinit$$00000019  c_w.l(libinit2.o)
    0x0000015e   0x0000015e   0x00000000   Code   RO         1870    .ARM.Collect$$libinit$$0000001B  c_w.l(libinit2.o)
    0x0000015e   0x0000015e   0x00000000   Code   RO         1872    .ARM.Collect$$libinit$$0000001D  c_w.l(libinit2.o)
    0x0000015e   0x0000015e   0x00000000   Code   RO         1874    .ARM.Collect$$libinit$$0000001F  c_w.l(libinit2.o)
    0x0000015e   0x0000015e   0x00000000   Code   RO         1876    .ARM.Collect$$libinit$$00000021  c_w.l(libinit2.o)
    0x0000015e   0x0000015e   0x00000000   Code   RO         1878    .ARM.Collect$$libinit$$00000023  c_w.l(libinit2.o)
    0x0000015e   0x0000015e   0x00000000   Code   RO         1880    .ARM.Collect$$libinit$$00000025  c_w.l(libinit2.o)
    0x0000015e   0x0000015e   0x00000000   Code   RO         1884    .ARM.Collect$$libinit$$0000002C  c_w.l(libinit2.o)
    0x0000015e   0x0000015e   0x00000000   Code   RO         1886    .ARM.Collect$$libinit$$0000002E  c_w.l(libinit2.o)
    0x0000015e   0x0000015e   0x00000000   Code   RO         1888    .ARM.Collect$$libinit$$00000030  c_w.l(libinit2.o)
    0x0000015e   0x0000015e   0x00000000   Code   RO         1890    .ARM.Collect$$libinit$$00000032  c_w.l(libinit2.o)
    0x0000015e   0x0000015e   0x00000002   Code   RO         1891    .ARM.Collect$$libinit$$00000033  c_w.l(libinit2.o)
    0x00000160   0x00000160   0x00000002   Code   RO         1926    .ARM.Collect$$libshutdown$$00000000  c_w.l(libshutdown.o)
    0x00000162   0x00000162   0x00000000   Code   RO         1954    .ARM.Collect$$libshutdown$$00000002  c_w.l(libshutdown2.o)
    0x00000162   0x00000162   0x00000000   Code   RO         1956    .ARM.Collect$$libshutdown$$00000004  c_w.l(libshutdown2.o)
    0x00000162   0x00000162   0x00000000   Code   RO         1959    .ARM.Collect$$libshutdown$$00000007  c_w.l(libshutdown2.o)
    0x00000162   0x00000162   0x00000000   Code   RO         1962    .ARM.Collect$$libshutdown$$0000000A  c_w.l(libshutdown2.o)
    0x00000162   0x00000162   0x00000000   Code   RO         1964    .ARM.Collect$$libshutdown$$0000000C  c_w.l(libshutdown2.o)
    0x00000162   0x00000162   0x00000000   Code   RO         1967    .ARM.Collect$$libshutdown$$0000000F  c_w.l(libshutdown2.o)
    0x00000162   0x00000162   0x00000002   Code   RO         1968    .ARM.Collect$$libshutdown$$00000010  c_w.l(libshutdown2.o)
    0x00000164   0x00000164   0x00000000   Code   RO         1791    .ARM.Collect$$rtentry$$00000000  c_w.l(__rtentry.o)
    0x00000164   0x00000164   0x00000000   Code   RO         1808    .ARM.Collect$$rtentry$$00000002  c_w.l(__rtentry2.o)
    0x00000164   0x00000164   0x00000006   Code   RO         1820    .ARM.Collect$$rtentry$$00000004  c_w.l(__rtentry4.o)
    0x0000016a   0x0000016a   0x00000000   Code   RO         1810    .ARM.Collect$$rtentry$$00000009  c_w.l(__rtentry2.o)
    0x0000016a   0x0000016a   0x00000004   Code   RO         1811    .ARM.Collect$$rtentry$$0000000A  c_w.l(__rtentry2.o)
    0x0000016e   0x0000016e   0x00000008   Code   RO         1812    .ARM.Collect$$rtentry$$0000000B  c_w.l(__rtentry2.o)
    0x00000176   0x00000176   0x00000008   Code   RO         1814    .ARM.Collect$$rtentry$$0000000D  c_w.l(__rtentry2.o)
    0x0000017e   0x0000017e   0x00000002   Code   RO         1839    .ARM.Collect$$rtexit$$00000000  c_w.l(rtexit.o)
    0x00000180   0x00000180   0x00000000   Code   RO         1897    .ARM.Collect$$rtexit$$00000002  c_w.l(rtexit2.o)
    0x00000180   0x00000180   0x00000004   Code   RO         1898    .ARM.Collect$$rtexit$$00000003  c_w.l(rtexit2.o)
    0x00000184   0x00000184   0x00000006   Code   RO         1899    .ARM.Collect$$rtexit$$00000004  c_w.l(rtexit2.o)
    0x0000018a   0x0000018a   0x00000002   PAD
    0x0000018c   0x0000018c   0x00000130   Code   RO         1701    .emb_text           RTX_CM3.lib(hal_cm3.o)
    0x000002bc   0x000002bc   0x0000003c   Code   RO          482  * .text               startup_lpc17xx.o
    0x000002f8   0x000002f8   0x00000002   Code   RO         1915    .text               c_w.l(use_no_semi.o)
    0x000002fa   0x000002fa   0x00000000   Code   RO         1917    .text               c_w.l(indicate_semi.o)
    0x000002fa   0x000002fa   0x00000002   Code   RO         1248    i.os_tick_irqack    RTX_CM3.lib(rt_system.o)
    0x000002fc   0x000002fc   0x00000004   Code   RO          481    .ARM.__at_0x02FC    startup_lpc17xx.o
    0x00000300   0x00000300   0x00000008   Code   RO         1716    .text               c_w.l(libspace.o)
    0x00000308   0x00000308   0x000000f0   Code   RO         1719    .text               c_w.l(lludivv7m.o)
    0x000003f8   0x000003f8   0x00000028   Code   RO         1723    .text               c_w.l(noretval__2sprintf.o)
    0x00000420   0x00000420   0x0000004e   Code   RO         1727    .text               c_w.l(_printf_pad.o)
    0x0000046e   0x0000046e   0x00000052   Code   RO         1729    .text               c_w.l(_printf_str.o)
    0x000004c0   0x000004c0   0x00000078   Code   RO         1731    .text               c_w.l(_printf_dec.o)
    0x00000538   0x00000538   0x00000028   Code   RO         1733    .text               c_w.l(_printf_charcount.o)
    0x00000560   0x00000560   0x00000054   Code   RO         1744    .text               c_w.l(_printf_hex_ptr.o)
    0x000005b4   0x000005b4   0x00000188   Code   RO         1773    .text               c_w.l(__printf_flags_ss_wp.o)
    0x0000073c   0x0000073c   0x00000024   Code   RO         1781    .text               c_w.l(strstr.o)
    0x00000760   0x00000760   0x0000003e   Code   RO         1783    .text               c_w.l(strlen.o)
    0x0000079e   0x0000079e   0x0000008a   Code   RO         1785    .text               c_w.l(rt_memcpy_v6.o)
    0x00000828   0x00000828   0x00000006   Code   RO         1787    .text               c_w.l(heapauxi.o)
    0x0000082e   0x0000082e   0x000000b2   Code   RO         1796    .text               c_w.l(_printf_intcommon.o)
    0x000008e0   0x000008e0   0x00000030   Code   RO         1798    .text               c_w.l(_printf_char_common.o)
    0x00000910   0x00000910   0x0000000a   Code   RO         1800    .text               c_w.l(_sputc.o)
    0x0000091a   0x0000091a   0x0000002c   Code   RO         1802    .text               c_w.l(_printf_char.o)
    0x00000946   0x00000946   0x00000064   Code   RO         1805    .text               c_w.l(rt_memcpy_w.o)
    0x000009aa   0x000009aa   0x0000004a   Code   RO         1826    .text               c_w.l(sys_stackheap_outer.o)
    0x000009f4   0x000009f4   0x00000012   Code   RO         1828    .text               c_w.l(exit.o)
    0x00000a06   0x00000a06   0x00000002   PAD
    0x00000a08   0x00000a08   0x0000000c   Code   RO         1892    .text               c_w.l(sys_exit.o)
    0x00000a14   0x00000a14   0x00000034   Code   RO            2    .text.ADC_Init      main.o
    0x00000a48   0x00000a48   0x00000020   Code   RO          422    .text.Clear_Channel_active_flag  gpdma_lpc17xx.o
    0x00000a68   0x00000a68   0x000000fa   Code   RO          432    .text.DMA_IRQHandler  gpdma_lpc17xx.o
    0x00000b62   0x00000b62   0x00000002   PAD
    0x00000b64   0x00000b64   0x0000003a   Code   RO          129    .text.GLCD_ClearScreen  glcd_mcb1700.o
    0x00000b9e   0x00000b9e   0x00000002   PAD
    0x00000ba0   0x00000ba0   0x000000bc   Code   RO          153    .text.GLCD_DrawChar  glcd_mcb1700.o
    0x00000c5c   0x00000c5c   0x00000036   Code   RO          155    .text.GLCD_DrawString  glcd_mcb1700.o
    0x00000c92   0x00000c92   0x00000002   PAD
    0x00000c94   0x00000c94   0x00000580   Code   RO          113    .text.GLCD_Initialize  glcd_mcb1700.o
    0x00001214   0x00001214   0x00000010   Code   RO          127    .text.GLCD_SetBackgroundColor  glcd_mcb1700.o
    0x00001224   0x00001224   0x00000010   Code   RO          141    .text.GLCD_SetFont  glcd_mcb1700.o
    0x00001234   0x00001234   0x00000010   Code   RO          125    .text.GLCD_SetForegroundColor  glcd_mcb1700.o
    0x00001244   0x00001244   0x0000009e   Code   RO          131    .text.GLCD_SetWindow  glcd_mcb1700.o
    0x000012e2   0x000012e2   0x00000002   PAD
    0x000012e4   0x000012e4   0x0000001a   Code   RO            4    .text.GPIO_Init     main.o
    0x000012fe   0x000012fe   0x00000002   PAD
    0x00001300   0x00001300   0x0000002e   Code   RO            6    .text.GPIO_Joystick_Init  main.o
    0x0000132e   0x0000132e   0x00000002   PAD
    0x00001330   0x00001330   0x00000014   Code   RO          451    .text.GPIO_PinRead  gpio_lpc17xx.o
    0x00001344   0x00001344   0x0000001c   Code   RO          449    .text.GPIO_PinWrite  gpio_lpc17xx.o
    0x00001360   0x00001360   0x0000001a   Code   RO          445    .text.GPIO_PortClock  gpio_lpc17xx.o
    0x0000137a   0x0000137a   0x00000002   PAD
    0x0000137c   0x0000137c   0x00000022   Code   RO          447    .text.GPIO_SetDir   gpio_lpc17xx.o
    0x0000139e   0x0000139e   0x00000002   PAD
    0x000013a0   0x000013a0   0x00000038   Code   RO          386    .text.GetSSPClockFreq  ssp_lpc17xx.o
    0x000013d8   0x000013d8   0x0000006e   Code   RO           22    .text.HeaterControl_Thread  main.o
    0x00001446   0x00001446   0x00000002   PAD
    0x00001448   0x00001448   0x0000004c   Code   RO           20    .text.HeaterMonitor_Thread  main.o
    0x00001494   0x00001494   0x0000006a   Code   RO           30    .text.LightControl_Thread  main.o
    0x000014fe   0x000014fe   0x00000002   PAD
    0x00001500   0x00001500   0x0000004c   Code   RO           28    .text.LightMonitor_Thread  main.o
    0x0000154c   0x0000154c   0x0000019c   Code   RO           34    .text.Menu_Display  main.o
    0x000016e8   0x000016e8   0x0000009e   Code   RO           48    .text.Menu_Thread   main.o
    0x00001786   0x00001786   0x00000002   PAD
    0x00001788   0x00001788   0x00000074   Code   RO          465    .text.PIN_Configure  pin_lpc17xx.o
    0x000017fc   0x000017fc   0x00000034   Code   RO           14    .text.Read_ADC      main.o
    0x00001830   0x00001830   0x00000104   Code   RO          282    .text.SPI_IRQHandler  spi_lpc17xx.o
    0x00001934   0x00001934   0x00000008   Code   RO          360    .text.SSP1_Control  ssp_lpc17xx.o
    0x0000193c   0x0000193c   0x00000008   Code   RO          358    .text.SSP1_GetDataCount  ssp_lpc17xx.o
    0x00001944   0x00001944   0x00000008   Code   RO          362    .text.SSP1_GetStatus  ssp_lpc17xx.o
    0x0000194c   0x0000194c   0x00000008   Code   RO          338    .text.SSP1_IRQHandler  ssp_lpc17xx.o
    0x00001954   0x00001954   0x0000000a   Code   RO          346    .text.SSP1_Initialize  ssp_lpc17xx.o
    0x0000195e   0x0000195e   0x00000002   PAD
    0x00001960   0x00001960   0x00000008   Code   RO          350    .text.SSP1_PowerControl  ssp_lpc17xx.o
    0x00001968   0x00001968   0x00000008   Code   RO          354    .text.SSP1_Receive  ssp_lpc17xx.o
    0x00001970   0x00001970   0x00000008   Code   RO          352    .text.SSP1_Send     ssp_lpc17xx.o
    0x00001978   0x00001978   0x00000008   Code   RO          356    .text.SSP1_Transfer  ssp_lpc17xx.o
    0x00001980   0x00001980   0x0000000a   Code   RO          348    .text.SSP1_Uninitialize  ssp_lpc17xx.o
    0x0000198a   0x0000198a   0x00000002   PAD
    0x0000198c   0x0000198c   0x00000004   Code   RO          344    .text.SSP_GetCapabilities  ssp_lpc17xx.o
    0x00001990   0x00001990   0x0000000a   Code   RO          342    .text.SSP_GetVersion  ssp_lpc17xx.o
    0x0000199a   0x0000199a   0x00000002   PAD
    0x0000199c   0x0000199c   0x00000384   Code   RO          384    .text.SSPx_Control  ssp_lpc17xx.o
    0x00001d20   0x00001d20   0x0000001c   Code   RO          382    .text.SSPx_GetDataCount  ssp_lpc17xx.o
    0x00001d3c   0x00001d3c   0x00000020   Code   RO          388    .text.SSPx_GetStatus  ssp_lpc17xx.o
    0x00001d5c   0x00001d5c   0x000000ce   Code   RO          340    .text.SSPx_IRQHandler  ssp_lpc17xx.o
    0x00001e2a   0x00001e2a   0x00000002   PAD
    0x00001e2c   0x00001e2c   0x00000062   Code   RO          364    .text.SSPx_Initialize  ssp_lpc17xx.o
    0x00001e8e   0x00001e8e   0x00000002   PAD
    0x00001e90   0x00001e90   0x000000fc   Code   RO          368    .text.SSPx_PowerControl  ssp_lpc17xx.o
    0x00001f8c   0x00001f8c   0x00000056   Code   RO          378    .text.SSPx_Receive  ssp_lpc17xx.o
    0x00001fe2   0x00001fe2   0x00000002   PAD
    0x00001fe4   0x00001fe4   0x00000056   Code   RO          376    .text.SSPx_Send     ssp_lpc17xx.o
    0x0000203a   0x0000203a   0x00000002   PAD
    0x0000203c   0x0000203c   0x00000066   Code   RO          380    .text.SSPx_Transfer  ssp_lpc17xx.o
    0x000020a2   0x000020a2   0x00000002   PAD
    0x000020a4   0x000020a4   0x0000004c   Code   RO          366    .text.SSPx_Uninitialize  ssp_lpc17xx.o
    0x000020f0   0x000020f0   0x00000052   Code   RO           16    .text.Sensor_Thread  main.o
    0x00002142   0x00002142   0x00000002   PAD
    0x00002144   0x00002144   0x0000006e   Code   RO           26    .text.SprinklerControl_Thread  main.o
    0x000021b2   0x000021b2   0x00000002   PAD
    0x000021b4   0x000021b4   0x0000004c   Code   RO           24    .text.SprinklerMonitor_Thread  main.o
    0x00002200   0x00002200   0x000000f8   Code   RO          491    .text.SystemCoreClockUpdate  system_lpc17xx.o
    0x000022f8   0x000022f8   0x000000cc   Code   RO          493    .text.SystemInit    system_lpc17xx.o
    0x000023c4   0x000023c4   0x0000003e   Code   RO           10    .text.UART0_Init    main.o
    0x00002402   0x00002402   0x00000002   PAD
    0x00002404   0x00002404   0x00000022   Code   RO           12    .text.UART0_SendString  main.o
    0x00002426   0x00002426   0x00000002   PAD
    0x00002428   0x00002428   0x00000108   Code   RO           32    .text.UART_ReceiveThread  main.o
    0x00002530   0x00002530   0x0000007c   Code   RO           18    .text.UART_Thread   main.o
    0x000025ac   0x000025ac   0x00000010   Code   RO          372    .text.__NVIC_ClearPendingIRQ  ssp_lpc17xx.o
    0x000025bc   0x000025bc   0x00000018   Code   RO          370    .text.__NVIC_DisableIRQ  ssp_lpc17xx.o
    0x000025d4   0x000025d4   0x00000010   Code   RO          374    .text.__NVIC_EnableIRQ  ssp_lpc17xx.o
    0x000025e4   0x000025e4   0x00000022   Code   RO          229    .text._mutex_acquire  rtx_conf_cm.o
    0x00002606   0x00002606   0x00000002   PAD
    0x00002608   0x00002608   0x0000001e   Code   RO          231    .text._mutex_release  rtx_conf_cm.o
    0x00002626   0x00002626   0x00000002   PAD
    0x00002628   0x00002628   0x0000001a   Code   RO          239    .text._platform_post_lib_init  rtx_conf_cm.o
    0x00002642   0x00002642   0x00000002   PAD
    0x00002644   0x00002644   0x000003a8   Code   RO           36    .text.actuator_control  main.o
    0x000029ec   0x000029ec   0x00000200   Code   RO           42    .text.adjustHeaterThreshold  main.o
    0x00002bec   0x00002bec   0x000001fc   Code   RO           46    .text.adjustLightThreshold  main.o
    0x00002de8   0x00002de8   0x00000200   Code   RO           44    .text.adjustSprinklerThreshold  main.o
    0x00002fe8   0x00002fe8   0x00000032   Code   RO          121    .text.delay_ms      glcd_mcb1700.o
    0x0000301a   0x0000301a   0x00000002   PAD
    0x0000301c   0x0000301c   0x0000011a   Code   RO           50    .text.main          main.o
    0x00003136   0x00003136   0x00000002   PAD
    0x00003138   0x00003138   0x00000002   Code   RO          223    .text.os_error      rtx_conf_cm.o
    0x0000313a   0x0000313a   0x00000002   PAD
    0x0000313c   0x0000313c   0x00000002   Code   RO          221    .text.os_idle_demon  rtx_conf_cm.o
    0x0000313e   0x0000313e   0x00000002   PAD
    0x00003140   0x00003140   0x0000003a   Code   RO          169    .text.rd_dat        glcd_mcb1700.o
    0x0000317a   0x0000317a   0x00000002   PAD
    0x0000317c   0x0000317c   0x000000ac   Code   RO          115    .text.rd_id_man     glcd_mcb1700.o
    0x00003228   0x00003228   0x0000000e   Code   RO          117    .text.rd_reg        glcd_mcb1700.o
    0x00003236   0x00003236   0x00000002   PAD
    0x00003238   0x00003238   0x0000003c   Code   RO            8    .text.readJoystick  main.o
    0x00003274   0x00003274   0x00000214   Code   RO           40    .text.show_sensors_on_glcd  main.o
    0x00003488   0x00003488   0x0000002e   Code   RO          171    .text.spi_tran      glcd_mcb1700.o
    0x000034b6   0x000034b6   0x00000002   PAD
    0x000034b8   0x000034b8   0x0000006e   Code   RO          167    .text.spi_tran_man  glcd_mcb1700.o
    0x00003526   0x00003526   0x00000002   PAD
    0x00003528   0x00003528   0x0000005a   Code   RO           38    .text.toggle_gpio   main.o
    0x00003582   0x00003582   0x00000002   PAD
    0x00003584   0x00003584   0x0000003c   Code   RO          133    .text.wr_cmd        glcd_mcb1700.o
    0x000035c0   0x000035c0   0x0000002a   Code   RO          137    .text.wr_dat_only   glcd_mcb1700.o
    0x000035ea   0x000035ea   0x00000002   PAD
    0x000035ec   0x000035ec   0x0000001a   Code   RO          135    .text.wr_dat_start  glcd_mcb1700.o
    0x00003606   0x00003606   0x00000002   PAD
    0x00003608   0x00003608   0x00000014   Code   RO          139    .text.wr_dat_stop   glcd_mcb1700.o
    0x0000361c   0x0000361c   0x00000070   Code   RO          119    .text.wr_reg        glcd_mcb1700.o
    0x0000368c   0x0000368c   0x00000004   Code   RO         1711    SVC_TABLE           RTX_CM3.lib(svc_table.o)
    0x00003690   0x00003690   0x00000046   Code   RO         1600    i._init_box         RTX_CM3.lib(rt_membox.o)
    0x000036d6   0x000036d6   0x0000000e   Code   RO         1766    i._is_digit         c_w.l(__printf_wp.o)
    0x000036e4   0x000036e4   0x00000030   Code   RO         1653    i.dbg_init          RTX_CM3.lib(hal_cm.o)
    0x00003714   0x00003714   0x00000020   Code   RO         1654    i.dbg_task_notify   RTX_CM3.lib(hal_cm.o)
    0x00003734   0x00003734   0x00000010   Code   RO         1655    i.dbg_task_switch   RTX_CM3.lib(hal_cm.o)
    0x00003744   0x00003744   0x0000002a   Code   RO          505    i.isrMessageGet     RTX_CM3.lib(rt_cmsis.o)
    0x0000376e   0x0000376e   0x0000002c   Code   RO          506    i.isrMessagePut     RTX_CM3.lib(rt_cmsis.o)
    0x0000379a   0x0000379a   0x00000028   Code   RO          507    i.isrSemaphoreRelease  RTX_CM3.lib(rt_cmsis.o)
    0x000037c2   0x000037c2   0x00000002   PAD
    0x000037c4   0x000037c4   0x00000056   Code   RO         1455    i.isr_mbx_receive   RTX_CM3.lib(rt_mailbox.o)
    0x0000381a   0x0000381a   0x0000000e   Code   RO         1456    i.isr_mbx_send      RTX_CM3.lib(rt_mailbox.o)
    0x00003828   0x00003828   0x00000010   Code   RO         1503    i.isr_sem_send      RTX_CM3.lib(rt_semaphore.o)
    0x00003838   0x00003838   0x00000018   Code   RO          509    i.osDelay           RTX_CM3.lib(rt_cmsis.o)
    0x00003850   0x00003850   0x00000024   Code   RO          510    i.osKernelInitialize  RTX_CM3.lib(rt_cmsis.o)
    0x00003874   0x00003874   0x0000006c   Code   RO          512    i.osKernelStart     RTX_CM3.lib(rt_cmsis.o)
    0x000038e0   0x000038e0   0x00000018   Code   RO          513    i.osKernelSysTick   RTX_CM3.lib(rt_cmsis.o)
    0x000038f8   0x000038f8   0x00000018   Code   RO          521    i.osMessageGet      RTX_CM3.lib(rt_cmsis.o)
    0x00003910   0x00003910   0x0000002c   Code   RO          523    i.osMutexCreate     RTX_CM3.lib(rt_cmsis.o)
    0x0000393c   0x0000393c   0x00000018   Code   RO          525    i.osMutexRelease    RTX_CM3.lib(rt_cmsis.o)
    0x00003954   0x00003954   0x00000018   Code   RO          526    i.osMutexWait       RTX_CM3.lib(rt_cmsis.o)
    0x0000396c   0x0000396c   0x0000002c   Code   RO          531    i.osSemaphoreCreate  RTX_CM3.lib(rt_cmsis.o)
    0x00003998   0x00003998   0x00000018   Code   RO          533    i.osSemaphoreRelease  RTX_CM3.lib(rt_cmsis.o)
    0x000039b0   0x000039b0   0x00000018   Code   RO          534    i.osSemaphoreWait   RTX_CM3.lib(rt_cmsis.o)
    0x000039c8   0x000039c8   0x0000002c   Code   RO          538    i.osThreadCreate    RTX_CM3.lib(rt_cmsis.o)
    0x000039f4   0x000039f4   0x00000018   Code   RO          539    i.osThreadExit      RTX_CM3.lib(rt_cmsis.o)
    0x00003a0c   0x00003a0c   0x0000000c   Code   RO          545    i.osTimerCall       RTX_CM3.lib(rt_cmsis.o)
    0x00003a18   0x00003a18   0x0000002c   Code   RO          550    i.osTimerThread     RTX_CM3.lib(rt_cmsis.o)
    0x00003a44   0x00003a44   0x00000028   Code   RO         1247    i.os_tick_init      RTX_CM3.lib(rt_system.o)
    0x00003a6c   0x00003a6c   0x00000010   Code   RO         1249    i.os_tick_ovf       RTX_CM3.lib(rt_system.o)
    0x00003a7c   0x00003a7c   0x00000014   Code   RO         1250    i.os_tick_val       RTX_CM3.lib(rt_system.o)
    0x00003a90   0x00003a90   0x0000001a   Code   RO         1601    i.rt_alloc_box      RTX_CM3.lib(rt_membox.o)
    0x00003aaa   0x00003aaa   0x0000003e   Code   RO         1629    i.rt_alloc_mem      RTX_CM3.lib(rt_memory.o)
    0x00003ae8   0x00003ae8   0x00000038   Code   RO         1128    i.rt_block          RTX_CM3.lib(rt_task.o)
    0x00003b20   0x00003b20   0x00000048   Code   RO         1578    i.rt_chk_robin      RTX_CM3.lib(rt_robin.o)
    0x00003b68   0x00003b68   0x00000070   Code   RO         1379    i.rt_dec_dly        RTX_CM3.lib(rt_list.o)
    0x00003bd8   0x00003bd8   0x00000044   Code   RO         1129    i.rt_dispatch       RTX_CM3.lib(rt_task.o)
    0x00003c1c   0x00003c1c   0x00000006   Code   RO         1545    i.rt_dly_wait       RTX_CM3.lib(rt_time.o)
    0x00003c22   0x00003c22   0x00000002   PAD
    0x00003c24   0x00003c24   0x00000050   Code   RO         1340    i.rt_evt_psh        RTX_CM3.lib(rt_event.o)
    0x00003c74   0x00003c74   0x0000002c   Code   RO         1602    i.rt_free_box       RTX_CM3.lib(rt_membox.o)
    0x00003ca0   0x00003ca0   0x00000028   Code   RO         1630    i.rt_free_mem       RTX_CM3.lib(rt_memory.o)
    0x00003cc8   0x00003cc8   0x00000028   Code   RO         1380    i.rt_get_first      RTX_CM3.lib(rt_list.o)
    0x00003cf0   0x00003cf0   0x00000008   Code   RO          555    i.rt_id2obj         RTX_CM3.lib(rt_cmsis.o)
    0x00003cf8   0x00003cf8   0x00000048   Code   RO         1130    i.rt_init_context   RTX_CM3.lib(rt_task.o)
    0x00003d40   0x00003d40   0x0000001a   Code   RO         1631    i.rt_init_mem       RTX_CM3.lib(rt_memory.o)
    0x00003d5a   0x00003d5a   0x00000002   PAD
    0x00003d5c   0x00003d5c   0x00000018   Code   RO         1579    i.rt_init_robin     RTX_CM3.lib(rt_robin.o)
    0x00003d74   0x00003d74   0x00000080   Code   RO         1656    i.rt_init_stack     RTX_CM3.lib(hal_cm.o)
    0x00003df4   0x00003df4   0x00000008   Code   RO         1457    i.rt_mbx_check      RTX_CM3.lib(rt_mailbox.o)
    0x00003dfc   0x00003dfc   0x0000001a   Code   RO         1458    i.rt_mbx_init       RTX_CM3.lib(rt_mailbox.o)
    0x00003e16   0x00003e16   0x00000002   PAD
    0x00003e18   0x00003e18   0x000000f0   Code   RO         1459    i.rt_mbx_psh        RTX_CM3.lib(rt_mailbox.o)
    0x00003f08   0x00003f08   0x000000b4   Code   RO         1461    i.rt_mbx_wait       RTX_CM3.lib(rt_mailbox.o)
    0x00003fbc   0x00003fbc   0x00000044   Code   RO          556    i.rt_ms2tick        RTX_CM3.lib(rt_cmsis.o)
    0x00004000   0x00004000   0x00000010   Code   RO         1213    i.rt_mut_init       RTX_CM3.lib(rt_mutex.o)
    0x00004010   0x00004010   0x000000d8   Code   RO         1214    i.rt_mut_release    RTX_CM3.lib(rt_mutex.o)
    0x000040e8   0x000040e8   0x00000078   Code   RO         1215    i.rt_mut_wait       RTX_CM3.lib(rt_mutex.o)
    0x00004160   0x00004160   0x0000007c   Code   RO         1251    i.rt_pop_req        RTX_CM3.lib(rt_system.o)
    0x000041dc   0x000041dc   0x00000020   Code   RO         1252    i.rt_psh_req        RTX_CM3.lib(rt_system.o)
    0x000041fc   0x000041fc   0x0000005c   Code   RO         1382    i.rt_psq_enq        RTX_CM3.lib(rt_list.o)
    0x00004258   0x00004258   0x00000048   Code   RO         1383    i.rt_put_dly        RTX_CM3.lib(rt_list.o)
    0x000042a0   0x000042a0   0x00000036   Code   RO         1384    i.rt_put_prio       RTX_CM3.lib(rt_list.o)
    0x000042d6   0x000042d6   0x00000002   PAD
    0x000042d8   0x000042d8   0x00000014   Code   RO         1385    i.rt_put_rdy_first  RTX_CM3.lib(rt_list.o)
    0x000042ec   0x000042ec   0x00000034   Code   RO         1386    i.rt_resort_prio    RTX_CM3.lib(rt_list.o)
    0x00004320   0x00004320   0x00000006   Code   RO         1657    i.rt_ret_val        RTX_CM3.lib(hal_cm.o)
    0x00004326   0x00004326   0x00000008   Code   RO         1658    i.rt_ret_val2       RTX_CM3.lib(hal_cm.o)
    0x0000432e   0x0000432e   0x00000028   Code   RO         1387    i.rt_rmv_dly        RTX_CM3.lib(rt_list.o)
    0x00004356   0x00004356   0x00000002   PAD
    0x00004358   0x00004358   0x00000030   Code   RO         1388    i.rt_rmv_list       RTX_CM3.lib(rt_list.o)
    0x00004388   0x00004388   0x0000000c   Code   RO         1505    i.rt_sem_init       RTX_CM3.lib(rt_semaphore.o)
    0x00004394   0x00004394   0x00000034   Code   RO         1506    i.rt_sem_psh        RTX_CM3.lib(rt_semaphore.o)
    0x000043c8   0x000043c8   0x0000002a   Code   RO         1507    i.rt_sem_send       RTX_CM3.lib(rt_semaphore.o)
    0x000043f2   0x000043f2   0x00000002   PAD
    0x000043f4   0x000043f4   0x00000040   Code   RO         1508    i.rt_sem_wait       RTX_CM3.lib(rt_semaphore.o)
    0x00004434   0x00004434   0x00000024   Code   RO         1254    i.rt_stk_check      RTX_CM3.lib(rt_system.o)
    0x00004458   0x00004458   0x00000028   Code   RO         1131    i.rt_switch_req     RTX_CM3.lib(rt_task.o)
    0x00004480   0x00004480   0x000000cc   Code   RO         1132    i.rt_sys_init       RTX_CM3.lib(rt_task.o)
    0x0000454c   0x0000454c   0x00000078   Code   RO         1133    i.rt_sys_start      RTX_CM3.lib(rt_task.o)
    0x000045c4   0x000045c4   0x00000040   Code   RO         1256    i.rt_systick        RTX_CM3.lib(rt_system.o)
    0x00004604   0x00004604   0x00000012   Code   RO          557    i.rt_tid2ptcb       RTX_CM3.lib(rt_cmsis.o)
    0x00004616   0x00004616   0x00000002   PAD
    0x00004618   0x00004618   0x00000034   Code   RO          558    i.rt_timer_insert   RTX_CM3.lib(rt_cmsis.o)
    0x0000464c   0x0000464c   0x00000088   Code   RO         1134    i.rt_tsk_create     RTX_CM3.lib(rt_task.o)
    0x000046d4   0x000046d4   0x0000017c   Code   RO         1135    i.rt_tsk_delete     RTX_CM3.lib(rt_task.o)
    0x00004850   0x00004850   0x0000007c   Code   RO         1137    i.rt_tsk_prio       RTX_CM3.lib(rt_task.o)
    0x000048cc   0x000048cc   0x00000010   Code   RO         1138    i.rt_tsk_self       RTX_CM3.lib(rt_task.o)
    0x000048dc   0x000048dc   0x00000012   Code   RO          560    i.svcDelay          RTX_CM3.lib(rt_cmsis.o)
    0x000048ee   0x000048ee   0x00000002   PAD
    0x000048f0   0x000048f0   0x00000070   Code   RO          561    i.svcKernelInitialize  RTX_CM3.lib(rt_cmsis.o)
    0x00004960   0x00004960   0x00000048   Code   RO          563    i.svcKernelStart    RTX_CM3.lib(rt_cmsis.o)
    0x000049a8   0x000049a8   0x00000038   Code   RO          564    i.svcKernelSysTick  RTX_CM3.lib(rt_cmsis.o)
    0x000049e0   0x000049e0   0x00000024   Code   RO          566    i.svcMessageCreate  RTX_CM3.lib(rt_cmsis.o)
    0x00004a04   0x00004a04   0x0000003a   Code   RO          567    i.svcMessageGet     RTX_CM3.lib(rt_cmsis.o)
    0x00004a3e   0x00004a3e   0x0000001c   Code   RO          569    i.svcMutexCreate    RTX_CM3.lib(rt_cmsis.o)
    0x00004a5a   0x00004a5a   0x00000022   Code   RO          571    i.svcMutexRelease   RTX_CM3.lib(rt_cmsis.o)
    0x00004a7c   0x00004a7c   0x0000003a   Code   RO          572    i.svcMutexWait      RTX_CM3.lib(rt_cmsis.o)
    0x00004ab6   0x00004ab6   0x00000024   Code   RO          574    i.svcSemaphoreCreate  RTX_CM3.lib(rt_cmsis.o)
    0x00004ada   0x00004ada   0x00000028   Code   RO          576    i.svcSemaphoreRelease  RTX_CM3.lib(rt_cmsis.o)
    0x00004b02   0x00004b02   0x00000032   Code   RO          577    i.svcSemaphoreWait  RTX_CM3.lib(rt_cmsis.o)
    0x00004b34   0x00004b34   0x0000006c   Code   RO          581    i.svcThreadCreate   RTX_CM3.lib(rt_cmsis.o)
    0x00004ba0   0x00004ba0   0x0000001c   Code   RO          582    i.svcThreadGetId    RTX_CM3.lib(rt_cmsis.o)
    0x00004bbc   0x00004bbc   0x00000038   Code   RO          585    i.svcThreadTerminate  RTX_CM3.lib(rt_cmsis.o)
    0x00004bf4   0x00004bf4   0x00000018   Code   RO          587    i.svcTimerCall      RTX_CM3.lib(rt_cmsis.o)
    0x00004c0c   0x00004c0c   0x0000005c   Code   RO          596    i.sysTimerTick      RTX_CM3.lib(rt_cmsis.o)
    0x00004c68   0x00004c68   0x00000028   Data   RO         1745    .constdata          c_w.l(_printf_hex_ptr.o)
    0x00004c90   0x00004c90   0x00000011   Data   RO         1774    .constdata          c_w.l(__printf_flags_ss_wp.o)
    0x00004ca1   0x00004ca1   0x00000003   PAD
    0x00004ca4   0x00004ca4   0x00000018   Data   RO           70    .rodata..L__const.Menu_Display.menu_items  main.o
    0x00004cbc   0x00004cbc   0x0000000c   Data   RO           73    .rodata..L__const.actuator_control.actuator_names.28  main.o
    0x00004cc8   0x00004cc8   0x00000004   Data   RO          249    .rodata.CMSIS_RTOS_API_Version  rtx_conf_cm.o
    0x00004ccc   0x00004ccc   0x00000004   Data   RO          250    .rodata.CMSIS_RTOS_RTX_Version  rtx_conf_cm.o
    0x00004cd0   0x00004cd0   0x0000002c   Data   RO          391    .rodata.Driver_SPI1  ssp_lpc17xx.o
    0x00004cfc   0x00004cfc   0x00001500   Data   RO          106    .rodata.Font_16x24_h  glcd_fonts.o
    0x000061fc   0x000061fc   0x00000010   Data   RO          107    .rodata.GLCD_Font_16x24  glcd_fonts.o
    0x0000620c   0x0000620c   0x00000004   Data   RO          254    .rodata.mp_stk_size  rtx_conf_cm.o
    0x00006210   0x00006210   0x00000002   Data   RO          253    .rodata.mp_tcb_size  rtx_conf_cm.o
    0x00006212   0x00006212   0x00000002   Data   RO          262    .rodata.mp_tmr_size  rtx_conf_cm.o
    0x00006214   0x00006214   0x00000004   Data   RO          251    .rodata.os_clockrate  rtx_conf_cm.o
    0x00006218   0x00006218   0x00000001   Data   RO          256    .rodata.os_fifo_size  rtx_conf_cm.o
    0x00006219   0x00006219   0x00000001   Data   RO          248    .rodata.os_flags    rtx_conf_cm.o
    0x0000621a   0x0000621a   0x00000002   Data   RO          241    .rodata.os_maxtaskrun  rtx_conf_cm.o
    0x0000621c   0x0000621c   0x00000008   Data   RO          259    .rodata.os_messageQ_def_osTimerMessageQ  rtx_conf_cm.o
    0x00006224   0x00006224   0x00000004   Data   RO           86    .rodata.os_mutex_def_adc_mutex  main.o
    0x00006228   0x00006228   0x00000004   Data   RO           88    .rodata.os_mutex_def_glcd_mutex  main.o
    0x0000622c   0x0000622c   0x00000004   Data   RO          243    .rodata.os_rrobin   rtx_conf_cm.o
    0x00006230   0x00006230   0x00000004   Data   RO           90    .rodata.os_semaphore_def_heater_sem  main.o
    0x00006234   0x00006234   0x00000004   Data   RO           94    .rodata.os_semaphore_def_light_sem  main.o
    0x00006238   0x00006238   0x00000004   Data   RO           92    .rodata.os_semaphore_def_sprinkler_sem  main.o
    0x0000623c   0x0000623c   0x00000004   Data   RO          255    .rodata.os_stack_sz  rtx_conf_cm.o
    0x00006240   0x00006240   0x00000004   Data   RO          242    .rodata.os_stackinfo  rtx_conf_cm.o
    0x00006244   0x00006244   0x00000010   Data   RO           78    .rodata.os_thread_def_HeaterControl_Thread  main.o
    0x00006254   0x00006254   0x00000010   Data   RO           77    .rodata.os_thread_def_HeaterMonitor_Thread  main.o
    0x00006264   0x00006264   0x00000010   Data   RO           82    .rodata.os_thread_def_LightControl_Thread  main.o
    0x00006274   0x00006274   0x00000010   Data   RO           81    .rodata.os_thread_def_LightMonitor_Thread  main.o
    0x00006284   0x00006284   0x00000010   Data   RO           84    .rodata.os_thread_def_Menu_Thread  main.o
    0x00006294   0x00006294   0x00000010   Data   RO           75    .rodata.os_thread_def_Sensor_Thread  main.o
    0x000062a4   0x000062a4   0x00000010   Data   RO           80    .rodata.os_thread_def_SprinklerControl_Thread  main.o
    0x000062b4   0x000062b4   0x00000010   Data   RO           79    .rodata.os_thread_def_SprinklerMonitor_Thread  main.o
    0x000062c4   0x000062c4   0x00000010   Data   RO           83    .rodata.os_thread_def_UART_ReceiveThread  main.o
    0x000062d4   0x000062d4   0x00000010   Data   RO           76    .rodata.os_thread_def_UART_Thread  main.o
    0x000062e4   0x000062e4   0x00000010   Data   RO          266    .rodata.os_thread_def_main  rtx_conf_cm.o
    0x000062f4   0x000062f4   0x00000010   Data   RO          257    .rodata.os_thread_def_osTimerThread  rtx_conf_cm.o
    0x00006304   0x00006304   0x00000004   Data   RO          252    .rodata.os_timernum  rtx_conf_cm.o
    0x00006308   0x00006308   0x00000004   Data   RO          247    .rodata.os_trv      rtx_conf_cm.o
    0x0000630c   0x0000630c   0x000000f2   Data   RO           68    .rodata.str1.1      main.o
    0x000063fe   0x000063fe   0x00000002   PAD
    0x00006400   0x00006400   0x0000002b   Data   RO           74    .rodata.str1.4      main.o
    0x0000642b   0x0000642b   0x00000001   PAD
    0x0000642c   0x0000642c   0x00000020   Data   RO         1970    Region$$Table       anon$$obj.o


    Execution Region ER_RW (Exec base: 0x10000000, Load base: 0x0000644c, Size: 0x0000004c, Max: 0xffffffff, ABSOLUTE)

    Exec Addr    Load Addr    Size         Type   Attr      Idx    E Section Name        Object

    0x10000000   0x0000644c   0x00000004   Data   RW           95    .ARM.use_no_argv    main.o
    0x10000004   0x00006450   0x00000008   Data   RW          599    .data               RTX_CM3.lib(rt_cmsis.o)
    0x1000000c   0x00006458   0x00000008   Data   RW         1140    .data               RTX_CM3.lib(rt_task.o)
    0x10000014   0x00006460   0x00000008   Data   RW         1259    .data               RTX_CM3.lib(rt_system.o)
    0x1000001c   0x00006468   0x00000004   Data   RW         1549    .data               RTX_CM3.lib(rt_time.o)
    0x10000020   0x0000646c   0x00000008   Data   RW         1580    .data               RTX_CM3.lib(rt_robin.o)
    0x10000028   0x00006474   0x00000001   Data   RW         1659    .data               RTX_CM3.lib(hal_cm.o)
    0x10000029   0x00006475   0x00000003   PAD
    0x1000002c   0x00006478   0x00000004   Data   RW           55    .data.Heater_ON_Duration  main.o
    0x10000030   0x0000647c   0x00000004   Data   RW          495    .data.SystemCoreClock  system_lpc17xx.o
    0x10000034   0x00006480   0x00000002   Data   RW          175    .data.background_color  glcd_mcb1700.o
    0x10000036   0x00006482   0x00000002   PAD
    0x10000038   0x00006484   0x00000004   Data   RW           57    .data.light_ON_Duration  main.o
    0x1000003c   0x00006488   0x00000004   Data   RW           56    .data.sprinkler_ON_Duration  main.o
    0x10000040   0x0000648c   0x00000004   Data   RW           54    .data.threadHoldlight_adc  main.o
    0x10000044   0x00006490   0x00000004   Data   RW           53    .data.threadHoldmoist_adc  main.o
    0x10000048   0x00006494   0x00000004   Data   RW           52    .data.threadHoldtemp_adc  main.o


    Execution Region ER_ZI (Exec base: 0x10000050, Load base: 0x00006498, Size: 0x00003cc0, Max: 0xffffffff, ABSOLUTE)

    Exec Addr    Load Addr    Size         Type   Attr      Idx    E Section Name        Object

    0x10000050        -       0x00000034   Zero   RW         1139    .bss                RTX_CM3.lib(rt_task.o)
    0x10000084        -       0x00000030   Zero   RW         1389    .bss                RTX_CM3.lib(rt_list.o)
    0x100000b4        -       0x00000060   Zero   RW         1717    .bss                c_w.l(libspace.o)
    0x10000114        -       0x00000004   Zero   RW          436    .bss.Channel_active  gpdma_lpc17xx.o
    0x10000118        -       0x000000a0   Zero   RW          435    .bss.Channel_info   gpdma_lpc17xx.o
    0x100001b8        -       0x00000001   Zero   RW          173    .bss.Himax          glcd_mcb1700.o
    0x100001b9   0x00006498   0x00000003   PAD
    0x100001bc        -       0x00000001   Zero   RW           69    .bss.Menu_Display.first_call  main.o
    0x100001bd   0x00006498   0x00000003   PAD
    0x100001c0        -       0x00000004   Zero   RW          316    .bss.SPI_Info.0     spi_lpc17xx.o
    0x100001c4        -       0x00000001   Zero   RW          319    .bss.SPI_Info.1.0   spi_lpc17xx.o
    0x100001c5   0x00006498   0x00000003   PAD
    0x100001c8        -       0x00000001   Zero   RW          320    .bss.SPI_Info.1.1   spi_lpc17xx.o
    0x100001c9   0x00006498   0x00000001   PAD
    0x100001ca        -       0x00000001   Zero   RW          321    .bss.SPI_Info.1.2   spi_lpc17xx.o
    0x100001cb   0x00006498   0x00000001   PAD
    0x100001cc        -       0x0000001c   Zero   RW          315    .bss.SPI_Xfer       spi_lpc17xx.o
    0x100001e8        -       0x00000010   Zero   RW          396    .bss.SSP1_Info      ssp_lpc17xx.o
    0x100001f8        -       0x0000001c   Zero   RW          397    .bss.SSP1_Xfer      ssp_lpc17xx.o
    0x10000214        -       0x00000004   Zero   RW          176    .bss.active_font    glcd_mcb1700.o
    0x10000218        -       0x00000001   Zero   RW           72    .bss.actuator_control.first_call  main.o
    0x10000219   0x00006498   0x00000003   PAD
    0x1000021c        -       0x00000004   Zero   RW           61    .bss.adc_mutex      main.o
    0x10000220        -       0x00000002   Zero   RW          174    .bss.foreground_color  glcd_mcb1700.o
    0x10000222   0x00006498   0x00000002   PAD
    0x10000224        -       0x00000004   Zero   RW           71    .bss.glcd_mutex     main.o
    0x10000228        -       0x00000004   Zero   RW           65    .bss.heater_sem     main.o
    0x1000022c        -       0x00000004   Zero   RW           64    .bss.light_adc      main.o
    0x10000230        -       0x00000004   Zero   RW           67    .bss.light_sem      main.o
    0x10000234        -       0x00000004   Zero   RW          261    .bss.m_tmr          rtx_conf_cm.o
    0x10000238        -       0x00000004   Zero   RW           63    .bss.moist_adc      main.o
    0x1000023c   0x00006498   0x00000004   PAD
    0x10000240        -       0x00003010   Zero   RW          268    .bss.mp_stk         rtx_conf_cm.o
    0x10003250        -       0x000002b0   Zero   RW          267    .bss.mp_tcb         rtx_conf_cm.o
    0x10003500        -       0x00000004   Zero   RW          273    .bss.osMessageQId_osTimerMessageQ  rtx_conf_cm.o
    0x10003504        -       0x00000004   Zero   RW          272    .bss.osThreadId_osTimerThread  rtx_conf_cm.o
    0x10003508        -       0x00000034   Zero   RW          271    .bss.os_active_TCB  rtx_conf_cm.o
    0x1000353c        -       0x00000084   Zero   RW          270    .bss.os_fifo        rtx_conf_cm.o
    0x100035c0        -       0x00000020   Zero   RW          258    .bss.os_messageQ_q_osTimerMessageQ  rtx_conf_cm.o
    0x100035e0        -       0x00000010   Zero   RW           85    .bss.os_mutex_cb_adc_mutex  main.o
    0x100035f0        -       0x00000010   Zero   RW           87    .bss.os_mutex_cb_glcd_mutex  main.o
    0x10003600        -       0x00000008   Zero   RW           89    .bss.os_semaphore_cb_heater_sem  main.o
    0x10003608        -       0x00000008   Zero   RW           93    .bss.os_semaphore_cb_light_sem  main.o
    0x10003610        -       0x00000008   Zero   RW           91    .bss.os_semaphore_cb_sprinkler_sem  main.o
    0x10003618        -       0x000004e8   Zero   RW          269    .bss.os_stack_mem   rtx_conf_cm.o
    0x10003b00        -       0x00000004   Zero   RW           58    .bss.selected_menu  main.o
    0x10003b04        -       0x00000004   Zero   RW           66    .bss.sprinkler_sem  main.o
    0x10003b08        -       0x00000004   Zero   RW           62    .bss.temp_adc       main.o
    0x10003b0c   0x00006498   0x00000004   PAD
    0x10003b10        -       0x00000000   Zero   RW          479    HEAP                startup_lpc17xx.o
    0x10003b10        -       0x00000200   Zero   RW          478    STACK               startup_lpc17xx.o


==============================================================================

Image component sizes


      Code (inc. data)   RO Data    RW Data    ZI Data      Debug   Object Name

         0          0       5392          0          0       1107   glcd_fonts.o
      2624          0          0          2          7       9310   glcd_mcb1700.o
       282          0          0          0        164       7248   gpdma_lpc17xx.o
       108          0          0          0          0       3877   gpio_lpc17xx.o
      5298        302        501         28         94      15214   main.o
       116          0          0          0          0       2432   pin_lpc17xx.o
        94          0         84          0      14476       5816   rtx_conf_cm.o
       260          0          0          0         35      10064   spi_lpc17xx.o
      2076         42         44          0         44      12398   ssp_lpc17xx.o
        64         26        204          0        512        988   startup_lpc17xx.o
       452          8          0          4          0       2105   system_lpc17xx.o

    ----------------------------------------------------------------------
     11448        378       6260         36      15356      70559   Object Totals
         0          0         32          0          0          0   (incl. Generated)
        74          0          3          2         24          0   (incl. Padding)

    ----------------------------------------------------------------------

      Code (inc. data)   RO Data    RW Data    ZI Data      Debug   Library Member Name

       238         24          0          1          0       3244   hal_cm.o
       304         36          0          0          0        756   hal_cm3.o
      1702        198          0          8          0      44230   rt_cmsis.o
        80          4          0          0          0        649   rt_event.o
       530         34          0          0         48       8157   rt_list.o
       554         10          0          0          0       3889   rt_mailbox.o
       140          0          0          0          0       1889   rt_membox.o
       128          0          0          0          0       2267   rt_memory.o
       352         14          0          0          0       2073   rt_mutex.o
        96         22          0          8          0       1134   rt_robin.o
       186         10          0          0          0       2862   rt_semaphore.o
       334         64          0          8          0       6991   rt_system.o
      1216        174          0          8         52       9537   rt_task.o
         6          0          0          4          0        636   rt_time.o
         4          4          0          0          0        196   svc_table.o
         8          0          0          0          0         68   __main.o
       392          4         17          0          0         92   __printf_flags_ss_wp.o
        14          0          0          0          0         68   __printf_wp.o
         0          0          0          0          0          0   __rtentry.o
        20          0          0          0          0          0   __rtentry2.o
         6          0          0          0          0          0   __rtentry4.o
        52          8          0          0          0          0   __scatter.o
        26          0          0          0          0          0   __scatter_copy.o
        28          0          0          0          0          0   __scatter_zi.o
        44          0          0          0          0        108   _printf_char.o
        48          6          0          0          0         96   _printf_char_common.o
        40          0          0          0          0         68   _printf_charcount.o
         6          0          0          0          0          0   _printf_d.o
       120         16          0          0          0         92   _printf_dec.o
        84          6         40          0          0         88   _printf_hex_ptr.o
       178          0          0          0          0         88   _printf_intcommon.o
         6          0          0          0          0          0   _printf_n.o
         6          0          0          0          0          0   _printf_p.o
        78          0          0          0          0        108   _printf_pad.o
         0          0          0          0          0          0   _printf_percent.o
         4          0          0          0          0          0   _printf_percent_end.o
         6          0          0          0          0          0   _printf_s.o
        82          0          0          0          0         80   _printf_str.o
        10          0          0          0          0         68   _sputc.o
        18          0          0          0          0         80   exit.o
         6          0          0          0          0        152   heapauxi.o
         0          0          0          0          0          0   indicate_semi.o
         2          0          0          0          0          0   libinit.o
         2          0          0          0          0          0   libinit2.o
         2          0          0          0          0          0   libshutdown.o
         2          0          0          0          0          0   libshutdown2.o
         8          4          0          0         96         68   libspace.o
       240          0          0          0          0        100   lludivv7m.o
        40          6          0          0          0         84   noretval__2sprintf.o
       138          0          0          0          0         68   rt_memcpy_v6.o
       100          0          0          0          0         80   rt_memcpy_w.o
         2          0          0          0          0          0   rtexit.o
        10          0          0          0          0          0   rtexit2.o
        62          0          0          0          0         76   strlen.o
        36          0          0          0          0         80   strstr.o
        12          4          0          0          0         68   sys_exit.o
        74          0          0          0          0         80   sys_stackheap_outer.o
         2          0          0          0          0         68   use_no_semi.o

    ----------------------------------------------------------------------
      7908        648         60         40        196      90538   Library Totals
        24          0          3          3          0          0   (incl. Padding)

    ----------------------------------------------------------------------

      Code (inc. data)   RO Data    RW Data    ZI Data      Debug   Library Name

      5870        594          0         37        100      88510   RTX_CM3.lib
      2014         54         57          0         96       2028   c_w.l

    ----------------------------------------------------------------------
      7908        648         60         40        196      90538   Library Totals

    ----------------------------------------------------------------------

==============================================================================


      Code (inc. data)   RO Data    RW Data    ZI Data      Debug   

     19356       1026       6320         76      15552     155141   Grand Totals
     19356       1026       6320         76      15552     155141   ELF Image Totals
     19356       1026       6320         76          0          0   ROM Totals

==============================================================================

    Total RO  Size (Code + RO Data)                25676 (  25.07kB)
    Total RW  Size (RW Data + ZI Data)             15628 (  15.26kB)
    Total ROM Size (Code + RO Data + RW Data)      25752 (  25.15kB)

==============================================================================

